Windows PowerShell
Copyright (C) Microsoft Corporation. All rights reserved.

Install the latest PowerShell for new features and improvements! https://aka.ms/PSWindows

PS C:\Users\swapn> cd C:\downloads
cd : Cannot find path 'C:\downloads' because it does not exist.
At line:1 char:1
+ cd C:\downloads
+ ~~~~~~~~~~~~~~~
    + CategoryInfo          : ObjectNotFound: (C:\downloads:St
   ring) [Set-Location], ItemNotFoundException
    + FullyQualifiedErrorId : PathNotFound,Microsoft.PowerShel
   l.Commands.SetLocationCommand

PS C:\Users\swapn> cd downloads
PS C:\Users\swapn\downloads> ssh -i ~myKey.pem azureuser@10.111.12.123
tilde_expand: No such user myKey.pem
PS C:\Users\swapn\downloads> ssh -i ~/myKey.pem azureuser@52.139.176.56
Warning: Identity file C:\Users\swapn/myKey.pem not accessible: No such file or directory.
The authenticity of host '52.139.176.56 (52.139.176.56)' can't be established.
ED25519 key fingerprint is SHA256:K8/R7R9otZyVwpKQlBmz+cZ6xlQw0PdRgP/AmjSrkT0.
This key is not known by any other names.
Are you sure you want to continue connecting (yes/no/[fingerprint])? yes
Warning: Permanently added '52.139.176.56' (ED25519) to the list of known hosts.
azureuser@52.139.176.56: Permission denied (publickey).
PS C:\Users\swapn\downloads> ssh -i ~/myKey.pem azureuser@52.139.176.56
Warning: Identity file C:\Users\swapn/myKey.pem not accessible: No such file or directory.
azureuser@52.139.176.56: Permission denied (publickey).
PS C:\Users\swapn\downloads>  ssh -i ~myKey.pem azureuser@52.139.176.56
tilde_expand: No such user myKey.pem
PS C:\Users\swapn\downloads>  ssh -i myKey.pem azureuser@52.139.176.56
Welcome to Ubuntu 24.04.3 LTS (GNU/Linux 6.14.0-1017-azure x86_64)

 * Documentation:  https://help.ubuntu.com
 * Management:     https://landscape.canonical.com
 * Support:        https://ubuntu.com/pro

 System information as of Mon Dec 29 23:00:49 UTC 2025

  System load:  0.08              Processes:             134
  Usage of /:   5.7% of 28.02GB   Users logged in:       0
  Memory usage: 3%                IPv4 address for eth0: 10.0.0.4
  Swap usage:   0%

Expanded Security Maintenance for Applications is not enabled.

0 updates can be applied immediately.

Enable ESM Apps to receive additional future security updates.
See https://ubuntu.com/esm or run: sudo pro status


The list of available updates is more than a week old.
To check for new updates run: sudo apt update


The programs included with the Ubuntu system are free software;
the exact distribution terms for each program are described in the
individual files in /usr/share/doc/*/copyright.

Ubuntu comes with ABSOLUTELY NO WARRANTY, to the extent permitted by
applicable law.

To run a command as administrator (user "root"), use "sudo <command>".
See "man sudo_root" for details.

azureuser@OpenVM467:~$ sudo apt update
Hit:1 http://azure.archive.ubuntu.com/ubuntu noble InRelease
Get:2 http://azure.archive.ubuntu.com/ubuntu noble-updates InRelease [126 kB]
Get:3 http://azure.archive.ubuntu.com/ubuntu noble-backports InRelease [126 kB]
Get:4 http://azure.archive.ubuntu.com/ubuntu noble-security InRelease [126 kB]
Get:5 http://azure.archive.ubuntu.com/ubuntu noble/universe amd64 Packages [15.0 MB]
Get:6 http://azure.archive.ubuntu.com/ubuntu noble/universe Translation-en [5982 kB]
Get:7 http://azure.archive.ubuntu.com/ubuntu noble/universe amd64 Components [3871 kB]
Get:8 http://azure.archive.ubuntu.com/ubuntu noble/universe amd64 c-n-f Metadata [301 kB]
Get:9 http://azure.archive.ubuntu.com/ubuntu noble/multiverse amd64 Packages [269 kB]
Get:10 http://azure.archive.ubuntu.com/ubuntu noble/multiverse Translation-en [118 kB]
Get:11 http://azure.archive.ubuntu.com/ubuntu noble/multiverse amd64 Components [35.0 kB]
Get:12 http://azure.archive.ubuntu.com/ubuntu noble/multiverse amd64 c-n-f Metadata [8328 B]
Get:13 http://azure.archive.ubuntu.com/ubuntu noble-updates/main amd64 Packages [1684 kB]
Get:14 http://azure.archive.ubuntu.com/ubuntu noble-updates/main amd64 Components [175 kB]
Get:15 http://azure.archive.ubuntu.com/ubuntu noble-updates/universe amd64 Packages [1506 kB]
Get:16 http://azure.archive.ubuntu.com/ubuntu noble-updates/universe Translation-en [306 kB]
Get:17 http://azure.archive.ubuntu.com/ubuntu noble-updates/universe amd64 Components [378 kB]
Get:18 http://azure.archive.ubuntu.com/ubuntu noble-updates/universe amd64 c-n-f Metadata [31.4 kB]
Get:19 http://azure.archive.ubuntu.com/ubuntu noble-updates/restricted amd64 Packages [2413 kB]
Get:20 http://azure.archive.ubuntu.com/ubuntu noble-updates/restricted amd64 Components [212 B]
Get:21 http://azure.archive.ubuntu.com/ubuntu noble-updates/multiverse amd64 Packages [30.3 kB]
Get:22 http://azure.archive.ubuntu.com/ubuntu noble-updates/multiverse Translation-en [6048 B]
Get:23 http://azure.archive.ubuntu.com/ubuntu noble-updates/multiverse amd64 Components [940 B]
Get:24 http://azure.archive.ubuntu.com/ubuntu noble-updates/multiverse amd64 c-n-f Metadata [488 B]
Get:25 http://azure.archive.ubuntu.com/ubuntu noble-backports/main amd64 Packages [40.4 kB]
Get:26 http://azure.archive.ubuntu.com/ubuntu noble-backports/main Translation-en [9208 B]
Get:27 http://azure.archive.ubuntu.com/ubuntu noble-backports/main amd64 Components [7324 B]
Get:28 http://azure.archive.ubuntu.com/ubuntu noble-backports/main amd64 c-n-f Metadata [368 B]
Get:29 http://azure.archive.ubuntu.com/ubuntu noble-backports/universe amd64 Packages [29.5 kB]
Get:30 http://azure.archive.ubuntu.com/ubuntu noble-backports/universe Translation-en [17.9 kB]
Get:31 http://azure.archive.ubuntu.com/ubuntu noble-backports/universe amd64 Components [10.5 kB]
Get:32 http://azure.archive.ubuntu.com/ubuntu noble-backports/universe amd64 c-n-f Metadata [1444 B]
Get:33 http://azure.archive.ubuntu.com/ubuntu noble-backports/restricted amd64 Components [216 B]
Get:34 http://azure.archive.ubuntu.com/ubuntu noble-backports/restricted amd64 c-n-f Metadata [116 B]
Get:35 http://azure.archive.ubuntu.com/ubuntu noble-backports/multiverse amd64 Components [212 B]
Get:36 http://azure.archive.ubuntu.com/ubuntu noble-backports/multiverse amd64 c-n-f Metadata [116 B]
Get:37 http://azure.archive.ubuntu.com/ubuntu noble-security/main amd64 Components [21.5 kB]
Get:38 http://azure.archive.ubuntu.com/ubuntu noble-security/universe amd64 Packages [916 kB]
Get:39 http://azure.archive.ubuntu.com/ubuntu noble-security/universe Translation-en [207 kB]
Get:40 http://azure.archive.ubuntu.com/ubuntu noble-security/universe amd64 Components [71.6 kB]
Get:41 http://azure.archive.ubuntu.com/ubuntu noble-security/universe amd64 c-n-f Metadata [19.4 kB]
Get:42 http://azure.archive.ubuntu.com/ubuntu noble-security/restricted amd64 Components [212 B]
Get:43 http://azure.archive.ubuntu.com/ubuntu noble-security/multiverse amd64 Packages [27.4 kB]
Get:44 http://azure.archive.ubuntu.com/ubuntu noble-security/multiverse Translation-en [5956 B]
Get:45 http://azure.archive.ubuntu.com/ubuntu noble-security/multiverse amd64 Components [212 B]
Get:46 http://azure.archive.ubuntu.com/ubuntu noble-security/multiverse amd64 c-n-f Metadata [384 B]
Fetched 33.9 MB in 12s (2901 kB/s)
Reading package lists... Done
Building dependency tree... Done
Reading state information... Done
All packages are up to date.
azureuser@OpenVM467:~$ Hit:1 https://repos-droplet.digitalocean.com/apt/droplet-agent main InRelease
Get:2 http://security.ubuntu.com/ubuntu jammy-security InRelease [129 kB]
Hit:3 http://mirrors.digitalocean.com/ubuntu jammy InRelease
Hit:4 http://mirrors.digitalocean.com/ubuntu jammy-updates InRelease
Hit:5 http://mirrors.digitalocean.com/ubuntu jammy-backports InRelease
Fetched 129 kB in 4s (32.6 kB/s)
Reading package lists... Done
Building dependency tree... Done
Reading state information... Done
89 packages can be upgraded. Run 'apt list --upgradable' to see them.
Hit:1: command not found
Get:2: command not found
Hit:3: command not found
Hit:4: command not found
Hit:5: command not found
-bash: syntax error near unexpected token `('
Reading: command not found
Building: command not found
Reading: command not found
89: command not found
azureuser@OpenVM467:~$ sudo apt upgrade
Reading package lists... Done
Building dependency tree... Done
Reading state information... Done
Calculating upgrade... Done
0 upgraded, 0 newly installed, 0 to remove and 0 not upgraded.
azureuser@OpenVM467:~$ sudo reboot

Broadcast message from root@OpenVM467 on pts/1 (Mon 2025-12-29 23:07:11 UTC):

The system will reboot now!

azureuser@OpenVM467:~$ client_loop: send disconnect: Connection reset
PS C:\Users\swapn\downloads> ssh -i myKey.pem azureuser@52.139.176.56
Welcome to Ubuntu 24.04.3 LTS (GNU/Linux 6.14.0-1017-azure x86_64)

 * Documentation:  https://help.ubuntu.com
 * Management:     https://landscape.canonical.com
 * Support:        https://ubuntu.com/pro

 System information as of Mon Dec 29 23:09:09 UTC 2025

  System load:  0.42              Processes:             141
  Usage of /:   6.7% of 28.02GB   Users logged in:       0
  Memory usage: 3%                IPv4 address for eth0: 10.0.0.4
  Swap usage:   0%


Expanded Security Maintenance for Applications is not enabled.

0 updates can be applied immediately.

Enable ESM Apps to receive additional future security updates.
See https://ubuntu.com/esm or run: sudo pro status


Last login: Mon Dec 29 23:00:52 2025 from 73.47.149.55
azureuser@OpenVM467:~$ sudo apt install openjdk-8-jre-headless
Reading package lists... Done
Building dependency tree... Done
Reading state information... Done
The following additional packages will be installed:
  ca-certificates-java fontconfig-config fonts-dejavu-core
  fonts-dejavu-mono java-common libavahi-client3
  libavahi-common-data libavahi-common3 libcups2t64
  libfontconfig1 libjpeg-turbo8 libjpeg8 liblcms2-2
  libpcsclite1 libxi6 libxrender1 libxtst6 x11-common
Suggested packages:
  default-jre cups-common liblcms2-utils pcscd libnss-mdns
  fonts-dejavu-extra fonts-nanum fonts-ipafont-gothic
  fonts-ipafont-mincho fonts-wqy-microhei fonts-wqy-zenhei
  fonts-indic
The following NEW packages will be installed:
  ca-certificates-java fontconfig-config fonts-dejavu-core
  fonts-dejavu-mono java-common libavahi-client3
  libavahi-common-data libavahi-common3 libcups2t64
  libfontconfig1 libjpeg-turbo8 libjpeg8 liblcms2-2
  libpcsclite1 libxi6 libxrender1 libxtst6
  openjdk-8-jre-headless x11-common
0 upgraded, 19 newly installed, 0 to remove and 0 not upgraded.
Need to get 33.0 MB of archives.
After this operation, 111 MB of additional disk space will be used.
Do you want to continue? [Y/n] y
Get:1 http://azure.archive.ubuntu.com/ubuntu noble/main amd64 ca-certificates-java all 20240118 [11.6 kB]
Get:2 http://azure.archive.ubuntu.com/ubuntu noble/main amd64 fonts-dejavu-mono all 2.37-8 [502 kB]
Get:3 http://azure.archive.ubuntu.com/ubuntu noble/main amd64 fonts-dejavu-core all 2.37-8 [835 kB]
Get:4 http://azure.archive.ubuntu.com/ubuntu noble/main amd64 fontconfig-config amd64 2.15.0-1.1ubuntu2 [37.3 kB]
Get:5 http://azure.archive.ubuntu.com/ubuntu noble/main amd64 java-common all 0.75+exp1 [6798 B]
Get:6 http://azure.archive.ubuntu.com/ubuntu noble/main amd64 libavahi-common-data amd64 0.8-13ubuntu6 [29.7 kB]
Get:7 http://azure.archive.ubuntu.com/ubuntu noble/main amd64 libavahi-common3 amd64 0.8-13ubuntu6 [23.3 kB]
Get:8 http://azure.archive.ubuntu.com/ubuntu noble/main amd64 libavahi-client3 amd64 0.8-13ubuntu6 [26.8 kB]
Get:9 http://azure.archive.ubuntu.com/ubuntu noble-updates/main amd64 libcups2t64 amd64 2.4.7-1.2ubuntu7.9 [273 kB]
Get:10 http://azure.archive.ubuntu.com/ubuntu noble/main amd64 libfontconfig1 amd64 2.15.0-1.1ubuntu2 [139 kB]
Get:11 http://azure.archive.ubuntu.com/ubuntu noble/main amd64 libjpeg-turbo8 amd64 2.1.5-2ubuntu2 [150 kB]
Get:12 http://azure.archive.ubuntu.com/ubuntu noble/main amd64 libjpeg8 amd64 8c-2ubuntu11 [2148 B]
Get:13 http://azure.archive.ubuntu.com/ubuntu noble/main amd64 liblcms2-2 amd64 2.14-2build1 [161 kB]
Get:14 http://azure.archive.ubuntu.com/ubuntu noble/main amd64 libpcsclite1 amd64 2.0.3-1build1 [21.4 kB]
Get:15 http://azure.archive.ubuntu.com/ubuntu noble/main amd64 libxi6 amd64 2:1.8.1-1build1 [32.4 kB]
Get:16 http://azure.archive.ubuntu.com/ubuntu noble/main amd64 libxrender1 amd64 1:0.9.10-1.1build1 [19.0 kB]
Get:17 http://azure.archive.ubuntu.com/ubuntu noble/main amd64 x11-common all 1:7.7+23ubuntu3 [21.7 kB]
Get:18 http://azure.archive.ubuntu.com/ubuntu noble/main amd64 libxtst6 amd64 2:1.2.3-1.1build1 [12.6 kB]
Get:19 http://azure.archive.ubuntu.com/ubuntu noble-updates/universe amd64 openjdk-8-jre-headless amd64 8u472-ga-1~24.04 [30.7 MB]
Fetched 33.0 MB in 1s (41.7 MB/s)
Selecting previously unselected package ca-certificates-java.
(Reading database ... 68451 files and directories currently installed.)
Preparing to unpack .../00-ca-certificates-java_20240118_all.deb ...
Unpacking ca-certificates-java (20240118) ...
Selecting previously unselected package fonts-dejavu-mono.
Preparing to unpack .../01-fonts-dejavu-mono_2.37-8_all.deb ...
Unpacking fonts-dejavu-mono (2.37-8) ...
Selecting previously unselected package fonts-dejavu-core.
Preparing to unpack .../02-fonts-dejavu-core_2.37-8_all.deb ...
Unpacking fonts-dejavu-core (2.37-8) ...
Selecting previously unselected package fontconfig-config.
Preparing to unpack .../03-fontconfig-config_2.15.0-1.1ubuntu2_amd64.deb ...
Unpacking fontconfig-config (2.15.0-1.1ubuntu2) ...
Selecting previously unselected package java-common.
Preparing to unpack .../04-java-common_0.75+exp1_all.deb ...
Unpacking java-common (0.75+exp1) ...
Selecting previously unselected package libavahi-common-data:amd64.
Preparing to unpack .../05-libavahi-common-data_0.8-13ubuntu6_amd64.deb ...
Unpacking libavahi-common-data:amd64 (0.8-13ubuntu6) ...
Selecting previously unselected package libavahi-common3:amd64.
Preparing to unpack .../06-libavahi-common3_0.8-13ubuntu6_amd64.deb ...
Unpacking libavahi-common3:amd64 (0.8-13ubuntu6) ...
Selecting previously unselected package libavahi-client3:amd64.
Preparing to unpack .../07-libavahi-client3_0.8-13ubuntu6_amd64.deb ...
Unpacking libavahi-client3:amd64 (0.8-13ubuntu6) ...
Selecting previously unselected package libcups2t64:amd64.
Preparing to unpack .../08-libcups2t64_2.4.7-1.2ubuntu7.9_amd64.deb ...
Unpacking libcups2t64:amd64 (2.4.7-1.2ubuntu7.9) ...
Selecting previously unselected package libfontconfig1:amd64.
Preparing to unpack .../09-libfontconfig1_2.15.0-1.1ubuntu2_amd64.deb ...
Unpacking libfontconfig1:amd64 (2.15.0-1.1ubuntu2) ...
Selecting previously unselected package libjpeg-turbo8:amd64.
Preparing to unpack .../10-libjpeg-turbo8_2.1.5-2ubuntu2_amd64.deb ...
Unpacking libjpeg-turbo8:amd64 (2.1.5-2ubuntu2) ...
Selecting previously unselected package libjpeg8:amd64.
Preparing to unpack .../11-libjpeg8_8c-2ubuntu11_amd64.deb ...
Unpacking libjpeg8:amd64 (8c-2ubuntu11) ...
Selecting previously unselected package liblcms2-2:amd64.
Preparing to unpack .../12-liblcms2-2_2.14-2build1_amd64.deb ...
Unpacking liblcms2-2:amd64 (2.14-2build1) ...
Selecting previously unselected package libpcsclite1:amd64.
Preparing to unpack .../13-libpcsclite1_2.0.3-1build1_amd64.deb ...
Unpacking libpcsclite1:amd64 (2.0.3-1build1) ...
Selecting previously unselected package libxi6:amd64.
Preparing to unpack .../14-libxi6_2%3a1.8.1-1build1_amd64.deb ...
Unpacking libxi6:amd64 (2:1.8.1-1build1) ...
Selecting previously unselected package libxrender1:amd64.
Preparing to unpack .../15-libxrender1_1%3a0.9.10-1.1build1_amd64.deb ...
Unpacking libxrender1:amd64 (1:0.9.10-1.1build1) ...
Selecting previously unselected package x11-common.
Preparing to unpack .../16-x11-common_1%3a7.7+23ubuntu3_all.deb ...
Unpacking x11-common (1:7.7+23ubuntu3) ...
Selecting previously unselected package libxtst6:amd64.
Preparing to unpack .../17-libxtst6_2%3a1.2.3-1.1build1_amd64.deb ...
Unpacking libxtst6:amd64 (2:1.2.3-1.1build1) ...
Selecting previously unselected package openjdk-8-jre-headless:amd64.
Preparing to unpack .../18-openjdk-8-jre-headless_8u472-ga-1~24.04_amd64.deb ...
Unpacking openjdk-8-jre-headless:amd64 (8u472-ga-1~24.04) ...
Setting up liblcms2-2:amd64 (2.14-2build1) ...
Setting up libxi6:amd64 (2:1.8.1-1build1) ...
Setting up java-common (0.75+exp1) ...
Setting up libxrender1:amd64 (1:0.9.10-1.1build1) ...
Setting up x11-common (1:7.7+23ubuntu3) ...
Setting up libavahi-common-data:amd64 (0.8-13ubuntu6) ...
Setting up fonts-dejavu-mono (2.37-8) ...
Setting up fonts-dejavu-core (2.37-8) ...
Setting up libpcsclite1:amd64 (2.0.3-1build1) ...
Setting up libjpeg-turbo8:amd64 (2.1.5-2ubuntu2) ...
Setting up ca-certificates-java (20240118) ...
No JRE found. Skipping Java certificates setup.
Setting up libjpeg8:amd64 (8c-2ubuntu11) ...
Setting up fontconfig-config (2.15.0-1.1ubuntu2) ...
Setting up libxtst6:amd64 (2:1.2.3-1.1build1) ...
Setting up libavahi-common3:amd64 (0.8-13ubuntu6) ...
Setting up libavahi-client3:amd64 (0.8-13ubuntu6) ...
Setting up libcups2t64:amd64 (2.4.7-1.2ubuntu7.9) ...
Processing triggers for sgml-base (1.31) ...
Setting up libfontconfig1:amd64 (2.15.0-1.1ubuntu2) ...
Processing triggers for libc-bin (2.39-0ubuntu8.6) ...
Processing triggers for man-db (2.12.0-4build2) ...
Setting up openjdk-8-jre-headless:amd64 (8u472-ga-1~24.04) ...
update-alternatives: using /usr/lib/jvm/java-8-openjdk-amd64/jre/bin/java to provide /usr/bin/java (java) in auto mode
update-alternatives: using /usr/lib/jvm/java-8-openjdk-amd64/jre/bin/jjs to provide /usr/bin/jjs (jjs) in auto mode
update-alternatives: using /usr/lib/jvm/java-8-openjdk-amd64/jre/bin/keytool to provide /usr/bin/keytool (keytool) in auto mode
update-alternatives: using /usr/lib/jvm/java-8-openjdk-amd64/jre/bin/pack200 to provide /usr/bin/pack200 (pack200) in auto mode
update-alternatives: using /usr/lib/jvm/java-8-openjdk-amd64/jre/bin/rmid to provide /usr/bin/rmid (rmid) in auto mode
update-alternatives: using /usr/lib/jvm/java-8-openjdk-amd64/jre/bin/rmiregistry to provide /usr/bin/rmiregistry (rmiregistry) in auto mode
update-alternatives: using /usr/lib/jvm/java-8-openjdk-amd64/jre/bin/unpack200 to provide /usr/bin/unpack200 (unpack200) in auto mode
update-alternatives: using /usr/lib/jvm/java-8-openjdk-amd64/jre/bin/orbd to provide /usr/bin/orbd (orbd) in auto mode
update-alternatives: using /usr/lib/jvm/java-8-openjdk-amd64/jre/bin/servertool to provide /usr/bin/servertool (servertool) in auto mode
update-alternatives: using /usr/lib/jvm/java-8-openjdk-amd64/jre/bin/tnameserv to provide /usr/bin/tnameserv (tnameserv) in auto mode
Processing triggers for ca-certificates-java (20240118) ...
Adding debian:ACCVRAIZ1.pem
Adding debian:AC_RAIZ_FNMT-RCM.pem
Adding debian:AC_RAIZ_FNMT-RCM_SERVIDORES_SEGUROS.pem
Adding debian:ANF_Secure_Server_Root_CA.pem
Adding debian:Actalis_Authentication_Root_CA.pem
Adding debian:AffirmTrust_Commercial.pem
Adding debian:AffirmTrust_Networking.pem
Adding debian:AffirmTrust_Premium.pem
Adding debian:AffirmTrust_Premium_ECC.pem
Adding debian:Amazon_Root_CA_1.pem
Adding debian:Amazon_Root_CA_2.pem
Adding debian:Amazon_Root_CA_3.pem
Adding debian:Amazon_Root_CA_4.pem
Adding debian:Atos_TrustedRoot_2011.pem
Adding debian:Atos_TrustedRoot_Root_CA_ECC_TLS_2021.pem
Adding debian:Atos_TrustedRoot_Root_CA_RSA_TLS_2021.pem
Adding debian:Autoridad_de_Certificacion_Firmaprofesional_CIF_A62634068.pem
Adding debian:BJCA_Global_Root_CA1.pem
Adding debian:BJCA_Global_Root_CA2.pem
Adding debian:Baltimore_CyberTrust_Root.pem
Adding debian:Buypass_Class_2_Root_CA.pem
Adding debian:Buypass_Class_3_Root_CA.pem
Adding debian:CA_Disig_Root_R2.pem
Adding debian:CFCA_EV_ROOT.pem
Adding debian:COMODO_Certification_Authority.pem
Adding debian:COMODO_ECC_Certification_Authority.pem
Adding debian:COMODO_RSA_Certification_Authority.pem
Adding debian:Certainly_Root_E1.pem
Adding debian:Certainly_Root_R1.pem
Adding debian:Certigna.pem
Adding debian:Certigna_Root_CA.pem
Adding debian:Certum_EC-384_CA.pem
Adding debian:Certum_Trusted_Network_CA.pem
Adding debian:Certum_Trusted_Network_CA_2.pem
Adding debian:Certum_Trusted_Root_CA.pem
Adding debian:CommScope_Public_Trust_ECC_Root-01.pem
Adding debian:CommScope_Public_Trust_ECC_Root-02.pem
Adding debian:CommScope_Public_Trust_RSA_Root-01.pem
Adding debian:CommScope_Public_Trust_RSA_Root-02.pem
Adding debian:Comodo_AAA_Services_root.pem
Adding debian:D-TRUST_BR_Root_CA_1_2020.pem
Adding debian:D-TRUST_EV_Root_CA_1_2020.pem
Adding debian:D-TRUST_Root_Class_3_CA_2_2009.pem
Adding debian:D-TRUST_Root_Class_3_CA_2_EV_2009.pem
Adding debian:DigiCert_Assured_ID_Root_CA.pem
Adding debian:DigiCert_Assured_ID_Root_G2.pem
Adding debian:DigiCert_Assured_ID_Root_G3.pem
Adding debian:DigiCert_Global_Root_CA.pem
Adding debian:DigiCert_Global_Root_G2.pem
Adding debian:DigiCert_Global_Root_G3.pem
Adding debian:DigiCert_High_Assurance_EV_Root_CA.pem
Adding debian:DigiCert_TLS_ECC_P384_Root_G5.pem
Adding debian:DigiCert_TLS_RSA4096_Root_G5.pem
Adding debian:DigiCert_Trusted_Root_G4.pem
Adding debian:Entrust.net_Premium_2048_Secure_Server_CA.pem
Adding debian:Entrust_Root_Certification_Authority.pem
Adding debian:Entrust_Root_Certification_Authority_-_EC1.pem
Adding debian:Entrust_Root_Certification_Authority_-_G2.pem
Adding debian:Entrust_Root_Certification_Authority_-_G4.pem
Adding debian:GDCA_TrustAUTH_R5_ROOT.pem
Adding debian:GLOBALTRUST_2020.pem
Adding debian:GTS_Root_R1.pem
Adding debian:GTS_Root_R2.pem
Adding debian:GTS_Root_R3.pem
Adding debian:GTS_Root_R4.pem
Adding debian:GlobalSign_ECC_Root_CA_-_R4.pem
Adding debian:GlobalSign_ECC_Root_CA_-_R5.pem
Adding debian:GlobalSign_Root_CA.pem
Adding debian:GlobalSign_Root_CA_-_R3.pem
Adding debian:GlobalSign_Root_CA_-_R6.pem
Adding debian:GlobalSign_Root_E46.pem
Adding debian:GlobalSign_Root_R46.pem
Adding debian:Go_Daddy_Class_2_CA.pem
Adding debian:Go_Daddy_Root_Certificate_Authority_-_G2.pem
Adding debian:HARICA_TLS_ECC_Root_CA_2021.pem
Adding debian:HARICA_TLS_RSA_Root_CA_2021.pem
Adding debian:Hellenic_Academic_and_Research_Institutions_ECC_RootCA_2015.pem
Adding debian:Hellenic_Academic_and_Research_Institutions_RootCA_2015.pem
Adding debian:HiPKI_Root_CA_-_G1.pem
Adding debian:Hongkong_Post_Root_CA_3.pem
Adding debian:ISRG_Root_X1.pem
Adding debian:ISRG_Root_X2.pem
Adding debian:IdenTrust_Commercial_Root_CA_1.pem
Adding debian:IdenTrust_Public_Sector_Root_CA_1.pem
Adding debian:Izenpe.com.pem
Adding debian:Microsec_e-Szigno_Root_CA_2009.pem
Adding debian:Microsoft_ECC_Root_Certificate_Authority_2017.pem
Adding debian:Microsoft_RSA_Root_Certificate_Authority_2017.pem
Adding debian:NAVER_Global_Root_Certification_Authority.pem
Adding debian:NetLock_Arany_=Class_Gold=_Főtanúsítvány.pem
Adding debian:OISTE_WISeKey_Global_Root_GB_CA.pem
Adding debian:OISTE_WISeKey_Global_Root_GC_CA.pem
Adding debian:QuoVadis_Root_CA_1_G3.pem
Adding debian:QuoVadis_Root_CA_2.pem
Adding debian:QuoVadis_Root_CA_2_G3.pem
Adding debian:QuoVadis_Root_CA_3.pem
Adding debian:QuoVadis_Root_CA_3_G3.pem
Adding debian:SSL.com_EV_Root_Certification_Authority_ECC.pem
Adding debian:SSL.com_EV_Root_Certification_Authority_RSA_R2.pem
Adding debian:SSL.com_Root_Certification_Authority_ECC.pem
Adding debian:SSL.com_Root_Certification_Authority_RSA.pem
Adding debian:SSL.com_TLS_ECC_Root_CA_2022.pem
Adding debian:SSL.com_TLS_RSA_Root_CA_2022.pem
Adding debian:SZAFIR_ROOT_CA2.pem
Adding debian:Sectigo_Public_Server_Authentication_Root_E46.pem
Adding debian:Sectigo_Public_Server_Authentication_Root_R46.pem
Adding debian:SecureSign_RootCA11.pem
Adding debian:SecureTrust_CA.pem
Adding debian:Secure_Global_CA.pem
Adding debian:Security_Communication_ECC_RootCA1.pem
Adding debian:Security_Communication_RootCA2.pem
Adding debian:Security_Communication_RootCA3.pem
Adding debian:Security_Communication_Root_CA.pem
Adding debian:Starfield_Class_2_CA.pem
Adding debian:Starfield_Root_Certificate_Authority_-_G2.pem
Adding debian:Starfield_Services_Root_Certificate_Authority_-_G2.pem
Adding debian:SwissSign_Gold_CA_-_G2.pem
Adding debian:SwissSign_Silver_CA_-_G2.pem
Adding debian:T-TeleSec_GlobalRoot_Class_2.pem
Adding debian:T-TeleSec_GlobalRoot_Class_3.pem
Adding debian:TUBITAK_Kamu_SM_SSL_Kok_Sertifikasi_-_Surum_1.pem
Adding debian:TWCA_Global_Root_CA.pem
Adding debian:TWCA_Root_Certification_Authority.pem
Adding debian:TeliaSonera_Root_CA_v1.pem
Adding debian:Telia_Root_CA_v2.pem
Adding debian:TrustAsia_Global_Root_CA_G3.pem
Adding debian:TrustAsia_Global_Root_CA_G4.pem
Adding debian:Trustwave_Global_Certification_Authority.pem
Adding debian:Trustwave_Global_ECC_P256_Certification_Authority.pem
Adding debian:Trustwave_Global_ECC_P384_Certification_Authority.pem
Adding debian:TunTrust_Root_CA.pem
Adding debian:UCA_Extended_Validation_Root.pem
Adding debian:UCA_Global_G2_Root.pem
Adding debian:USERTrust_ECC_Certification_Authority.pem
Adding debian:USERTrust_RSA_Certification_Authority.pem
Adding debian:XRamp_Global_CA_Root.pem
Adding debian:certSIGN_ROOT_CA.pem
Adding debian:certSIGN_Root_CA_G2.pem
Adding debian:e-Szigno_Root_CA_2017.pem
Adding debian:ePKI_Root_Certification_Authority.pem
Adding debian:emSign_ECC_Root_CA_-_C3.pem
Adding debian:emSign_ECC_Root_CA_-_G3.pem
Adding debian:emSign_Root_CA_-_C1.pem
Adding debian:emSign_Root_CA_-_G1.pem
Adding debian:vTrus_ECC_Root_CA.pem
Adding debian:vTrus_Root_CA.pem
done.
Scanning processes...
Scanning linux images...

Running kernel seems to be up-to-date.

No services need to be restarted.

No containers need to be restarted.

No user sessions are running outdated binaries.

No VM guests are running outdated hypervisor (qemu) binaries on
 this host.
azureuser@OpenVM467:~$ java -version
openjdk version "1.8.0_472"
OpenJDK Runtime Environment (build 1.8.0_472-8u472-ga-1~24.04-b08)
OpenJDK 64-Bit Server VM (build 25.472-b08, mixed mode)
azureuser@OpenVM467:~$ sudo apt install tomcat9
Reading package lists... Done
Building dependency tree... Done
Reading state information... Done
Package tomcat9 is not available, but is referred to by another package.
This may mean that the package is missing, has been obsoleted, or
is only available from another source

E: Package 'tomcat9' has no installation candidate
azureuser@OpenVM467:~$ sudo systemctl enable tomcat
Failed to enable unit: Unit file tomcat.service does not exist.
azureuser@OpenVM467:~$ sudo service tomcat status
Unit tomcat.service could not be found.
azureuser@OpenVM467:~$ sudo service tomcat restart
Failed to restart tomcat.service: Unit tomcat.service not found.
azureuser@OpenVM467:~$ sudo apt install tomcat9
Reading package lists... Done
Building dependency tree... Done
Reading state information... Done
Package tomcat9 is not available, but is referred to by another package.
This may mean that the package is missing, has been obsoleted, or
is only available from another source

E: Package 'tomcat9' has no installation candidate
azureuser@OpenVM467:~$ sudo apt install tomcat8
Reading package lists... Done
Building dependency tree... Done
Reading state information... Done
E: Unable to locate package tomcat8
azureuser@OpenVM467:~$ sudo apt update
Hit:1 http://azure.archive.ubuntu.com/ubuntu noble InRelease
Hit:2 http://azure.archive.ubuntu.com/ubuntu noble-updates InRelease
Hit:3 http://azure.archive.ubuntu.com/ubuntu noble-backports InRelease
Hit:4 http://azure.archive.ubuntu.com/ubuntu noble-security InRelease
Reading package lists... Done
Building dependency tree... Done
Reading state information... Done
All packages are up to date.
azureuser@OpenVM467:~$ sudo apt install tomcat9
Reading package lists... Done
Building dependency tree... Done
Reading state information... Done
Package tomcat9 is not available, but is referred to by another package.
This may mean that the package is missing, has been obsoleted, or
is only available from another source

E: Package 'tomcat9' has no installation candidate
azureuser@OpenVM467:~$ sudo apt update
sudo apt upgrade
Hit:1 http://azure.archive.ubuntu.com/ubuntu noble InRelease
Hit:2 http://azure.archive.ubuntu.com/ubuntu noble-updates InRelease
Hit:3 http://azure.archive.ubuntu.com/ubuntu noble-backports InRelease
Hit:4 http://azure.archive.ubuntu.com/ubuntu noble-security InRelease
Reading package lists... Done
Building dependency tree... Done
Reading state information... Done
All packages are up to date.
Reading package lists... Done
Building dependency tree... Done
Reading state information... Done
Calculating upgrade... Done
0 upgraded, 0 newly installed, 0 to remove and 0 not upgraded.
azureuser@OpenVM467:~$ sudo apt install tomcat9
Reading package lists... Done
Building dependency tree... Done
Reading state information... Done
Package tomcat9 is not available, but is referred to by another package.
This may mean that the package is missing, has been obsoleted, or
is only available from another source

E: Package 'tomcat9' has no installation candidate
azureuser@OpenVM467:~$ sudo add-apt-repository universe
Adding component(s) 'universe' to all repositories.
Press [ENTER] to continue or Ctrl-c to cancel.
Hit:1 http://azure.archive.ubuntu.com/ubuntu noble InRelease
Hit:2 http://azure.archive.ubuntu.com/ubuntu noble-updates InRelease
Hit:3 http://azure.archive.ubuntu.com/ubuntu noble-backports InRelease
Hit:4 http://azure.archive.ubuntu.com/ubuntu noble-security InRelease
Reading package lists... Done
azureuser@OpenVM467:~$ sudo apt update
sudo apt install tomcat9
Hit:1 http://azure.archive.ubuntu.com/ubuntu noble InRelease
Hit:2 http://azure.archive.ubuntu.com/ubuntu noble-updates InRelease
Hit:3 http://azure.archive.ubuntu.com/ubuntu noble-backports InRelease
Hit:4 http://azure.archive.ubuntu.com/ubuntu noble-security InRelease
Reading package lists... Done
Building dependency tree... Done
Reading state information... Done
All packages are up to date.
Reading package lists... Done
Building dependency tree... Done
Reading state information... Done
Package tomcat9 is not available, but is referred to by another package.
This may mean that the package is missing, has been obsoleted, or
is only available from another source

E: Package 'tomcat9' has no installation candidate
azureuser@OpenVM467:~$ sudo apt install default-jdk
Reading package lists... Done
Building dependency tree... Done
Reading state information... Done
The following additional packages will be installed:
  adwaita-icon-theme alsa-topology-conf alsa-ucm-conf
  at-spi2-common at-spi2-core dconf-gsettings-backend
  dconf-service default-jdk-headless default-jre
  default-jre-headless fontconfig fonts-dejavu-extra
  gsettings-desktop-schemas gtk-update-icon-cache
  hicolor-icon-theme humanity-icon-theme libasound2-data
  libasound2t64 libatk-bridge2.0-0t64 libatk-wrapper-java
  libatk-wrapper-java-jni libatk1.0-0t64 libatspi2.0-0t64
  libcairo-gobject2 libcairo2 libcolord2 libdatrie1 libdconf1
  libdeflate0 libdrm-amdgpu1 libdrm-intel1 libepoxy0 libgbm1
  libgdk-pixbuf-2.0-0 libgdk-pixbuf2.0-bin
  libgdk-pixbuf2.0-common libgif7 libgl1 libgl1-mesa-dri
  libglvnd0 libglx-mesa0 libglx0 libgraphite2-3 libgtk-3-0t64
  libgtk-3-bin libgtk-3-common libharfbuzz0b libice-dev
  libice6 libjbig0 liblerc4 libllvm20 libpango-1.0-0
  libpangocairo-1.0-0 libpangoft2-1.0-0 libpciaccess0
  libpixman-1-0 libpthread-stubs0-dev librsvg2-2
  librsvg2-common libsharpyuv0 libsm-dev libsm6 libthai-data
  libthai0 libtiff6 libvulkan1 libwayland-client0
  libwayland-cursor0 libwayland-egl1 libwayland-server0
  libwebp7 libx11-dev libx11-xcb1 libxau-dev libxaw7
  libxcb-dri3-0 libxcb-glx0 libxcb-present0 libxcb-randr0
  libxcb-render0 libxcb-shape0 libxcb-shm0 libxcb-sync1
  libxcb-xfixes0 libxcb1-dev libxcomposite1 libxcursor1
  libxdamage1 libxdmcp-dev libxfixes3 libxft2 libxinerama1
  libxkbfile1 libxmu6 libxpm4 libxrandr2 libxshmfence1
  libxt-dev libxt6t64 libxv1 libxxf86dga1 libxxf86vm1
  mesa-libgallium mesa-vulkan-drivers openjdk-21-jdk
  openjdk-21-jdk-headless openjdk-21-jre
  openjdk-21-jre-headless session-migration ubuntu-mono
  x11-utils x11proto-dev xorg-sgml-doctools xtrans-dev
Suggested packages:
  alsa-utils libasound2-plugins colord gvfs libice-doc
  librsvg2-bin libsm-doc libx11-doc libxcb-doc libxt-doc
  openjdk-21-demo openjdk-21-source visualvm libnss-mdns
  fonts-ipafont-gothic fonts-ipafont-mincho fonts-wqy-microhei
  | fonts-wqy-zenhei fonts-indic mesa-utils
Recommended packages:
  luit
The following NEW packages will be installed:
  adwaita-icon-theme alsa-topology-conf alsa-ucm-conf
  at-spi2-common at-spi2-core dconf-gsettings-backend
  dconf-service default-jdk default-jdk-headless default-jre
  default-jre-headless fontconfig fonts-dejavu-extra
  gsettings-desktop-schemas gtk-update-icon-cache
  hicolor-icon-theme humanity-icon-theme libasound2-data
  libasound2t64 libatk-bridge2.0-0t64 libatk-wrapper-java
  libatk-wrapper-java-jni libatk1.0-0t64 libatspi2.0-0t64
  libcairo-gobject2 libcairo2 libcolord2 libdatrie1 libdconf1
  libdeflate0 libdrm-amdgpu1 libdrm-intel1 libepoxy0 libgbm1
  libgdk-pixbuf-2.0-0 libgdk-pixbuf2.0-bin
  libgdk-pixbuf2.0-common libgif7 libgl1 libgl1-mesa-dri
  libglvnd0 libglx-mesa0 libglx0 libgraphite2-3 libgtk-3-0t64
  libgtk-3-bin libgtk-3-common libharfbuzz0b libice-dev
  libice6 libjbig0 liblerc4 libllvm20 libpango-1.0-0
  libpangocairo-1.0-0 libpangoft2-1.0-0 libpciaccess0
  libpixman-1-0 libpthread-stubs0-dev librsvg2-2
  librsvg2-common libsharpyuv0 libsm-dev libsm6 libthai-data
  libthai0 libtiff6 libvulkan1 libwayland-client0
  libwayland-cursor0 libwayland-egl1 libwayland-server0
  libwebp7 libx11-dev libx11-xcb1 libxau-dev libxaw7
  libxcb-dri3-0 libxcb-glx0 libxcb-present0 libxcb-randr0
  libxcb-render0 libxcb-shape0 libxcb-shm0 libxcb-sync1
  libxcb-xfixes0 libxcb1-dev libxcomposite1 libxcursor1
  libxdamage1 libxdmcp-dev libxfixes3 libxft2 libxinerama1
  libxkbfile1 libxmu6 libxpm4 libxrandr2 libxshmfence1
  libxt-dev libxt6t64 libxv1 libxxf86dga1 libxxf86vm1
  mesa-libgallium mesa-vulkan-drivers openjdk-21-jdk
  openjdk-21-jdk-headless openjdk-21-jre
  openjdk-21-jre-headless session-migration ubuntu-mono
  x11-utils x11proto-dev xorg-sgml-doctools xtrans-dev
0 upgraded, 116 newly installed, 0 to remove and 0 not upgraded.
Need to get 206 MB of archives.
After this operation, 666 MB of additional disk space will be used.
Do you want to continue? [Y/n] y
Get:1 http://azure.archive.ubuntu.com/ubuntu noble-updates/main amd64 libgdk-pixbuf2.0-common all 2.42.10+dfsg-3ubuntu3.2 [8192 B]
Get:2 http://azure.archive.ubuntu.com/ubuntu noble-updates/main amd64 libdeflate0 amd64 1.19-1build1.1 [43.9 kB]
Get:3 http://azure.archive.ubuntu.com/ubuntu noble/main amd64 libjbig0 amd64 2.1-6.1ubuntu2 [29.7 kB]
Get:4 http://azure.archive.ubuntu.com/ubuntu noble/main amd64 liblerc4 amd64 4.0.0+ds-4ubuntu2 [179 kB]
Get:5 http://azure.archive.ubuntu.com/ubuntu noble/main amd64 libsharpyuv0 amd64 1.3.2-0.4build3 [15.8 kB]
Get:6 http://azure.archive.ubuntu.com/ubuntu noble/main amd64 libwebp7 amd64 1.3.2-0.4build3 [230 kB]
Get:7 http://azure.archive.ubuntu.com/ubuntu noble-updates/main amd64 libtiff6 amd64 4.5.1+git230720-4ubuntu2.4 [199 kB]
Get:8 http://azure.archive.ubuntu.com/ubuntu noble-updates/main amd64 libgdk-pixbuf-2.0-0 amd64 2.42.10+dfsg-3ubuntu3.2 [147 kB]
Get:9 http://azure.archive.ubuntu.com/ubuntu noble-updates/main amd64 gtk-update-icon-cache amd64 3.24.41-4ubuntu1.3 [51.9 kB]
Get:10 http://azure.archive.ubuntu.com/ubuntu noble/main amd64 hicolor-icon-theme all 0.17-2 [9976 B]
Get:11 http://azure.archive.ubuntu.com/ubuntu noble/main amd64 humanity-icon-theme all 0.6.16 [1282 kB]
Get:12 http://azure.archive.ubuntu.com/ubuntu noble/main amd64 ubuntu-mono all 24.04-0ubuntu1 [151 kB]
Get:13 http://azure.archive.ubuntu.com/ubuntu noble/main amd64 adwaita-icon-theme all 46.0-1 [723 kB]
Get:14 http://azure.archive.ubuntu.com/ubuntu noble/main amd64 alsa-topology-conf all 1.2.5.1-2 [15.5 kB]
Get:15 http://azure.archive.ubuntu.com/ubuntu noble-updates/main amd64 libasound2-data all 1.2.11-1ubuntu0.1 [21.1 kB]
Get:16 http://azure.archive.ubuntu.com/ubuntu noble-updates/main amd64 libasound2t64 amd64 1.2.11-1ubuntu0.1 [399 kB]
Get:17 http://azure.archive.ubuntu.com/ubuntu noble-updates/main amd64 alsa-ucm-conf all 1.2.10-1ubuntu5.7 [66.4 kB]
Get:18 http://azure.archive.ubuntu.com/ubuntu noble/main amd64 at-spi2-common all 2.52.0-1build1 [8674 B]
Get:19 http://azure.archive.ubuntu.com/ubuntu noble/main amd64 libatspi2.0-0t64 amd64 2.52.0-1build1 [80.5 kB]
Get:20 http://azure.archive.ubuntu.com/ubuntu noble-updates/main amd64 libdconf1 amd64 0.40.0-4ubuntu0.1 [39.6 kB]
Get:21 http://azure.archive.ubuntu.com/ubuntu noble-updates/main amd64 dconf-service amd64 0.40.0-4ubuntu0.1 [27.6 kB]
Get:22 http://azure.archive.ubuntu.com/ubuntu noble-updates/main amd64 dconf-gsettings-backend amd64 0.40.0-4ubuntu0.1 [22.1 kB]
Get:23 http://azure.archive.ubuntu.com/ubuntu noble/main amd64 session-migration amd64 0.3.9build1 [9034 B]
Get:24 http://azure.archive.ubuntu.com/ubuntu noble-updates/main amd64 gsettings-desktop-schemas all 46.1-0ubuntu1 [35.6 kB]
Get:25 http://azure.archive.ubuntu.com/ubuntu noble/main amd64 at-spi2-core amd64 2.52.0-1build1 [56.6 kB]
Get:26 http://azure.archive.ubuntu.com/ubuntu noble-updates/main amd64 openjdk-21-jre-headless amd64 21.0.9+10-1~24.04 [46.4 MB]
Get:27 http://azure.archive.ubuntu.com/ubuntu noble/main amd64 default-jre-headless amd64 2:1.21-75+exp1 [3094 B]
Get:28 http://azure.archive.ubuntu.com/ubuntu noble/main amd64 libatk1.0-0t64 amd64 2.52.0-1build1 [55.3 kB]
Get:29 http://azure.archive.ubuntu.com/ubuntu noble/main amd64 libatk-bridge2.0-0t64 amd64 2.52.0-1build1 [66.0 kB]
Get:30 http://azure.archive.ubuntu.com/ubuntu noble/main amd64 libpixman-1-0 amd64 0.42.2-1build1 [279 kB]
Get:31 http://azure.archive.ubuntu.com/ubuntu noble/main amd64 libxcb-render0 amd64 1.15-1ubuntu2 [16.2 kB]
Get:32 http://azure.archive.ubuntu.com/ubuntu noble/main amd64 libxcb-shm0 amd64 1.15-1ubuntu2 [5756 B]
Get:33 http://azure.archive.ubuntu.com/ubuntu noble/main amd64 libcairo2 amd64 1.18.0-3build1 [566 kB]
Get:34 http://azure.archive.ubuntu.com/ubuntu noble/main amd64 libcairo-gobject2 amd64 1.18.0-3build1 [127 kB]
Get:35 http://azure.archive.ubuntu.com/ubuntu noble/main amd64 libcolord2 amd64 1.4.7-1build2 [149 kB]
Get:36 http://azure.archive.ubuntu.com/ubuntu noble/main amd64 libepoxy0 amd64 1.5.10-1build1 [220 kB]
Get:37 http://azure.archive.ubuntu.com/ubuntu noble/main amd64 libgraphite2-3 amd64 1.3.14-2build1 [73.0 kB]
Get:38 http://azure.archive.ubuntu.com/ubuntu noble/main amd64 libharfbuzz0b amd64 8.3.0-2build2 [469 kB]
Get:39 http://azure.archive.ubuntu.com/ubuntu noble/main amd64 fontconfig amd64 2.15.0-1.1ubuntu2 [180 kB]
Get:40 http://azure.archive.ubuntu.com/ubuntu noble/main amd64 libthai-data all 0.1.29-2build1 [158 kB]
Get:41 http://azure.archive.ubuntu.com/ubuntu noble/main amd64 libdatrie1 amd64 0.2.13-3build1 [19.0 kB]
Get:42 http://azure.archive.ubuntu.com/ubuntu noble/main amd64 libthai0 amd64 0.1.29-2build1 [18.9 kB]
Get:43 http://azure.archive.ubuntu.com/ubuntu noble/main amd64 libpango-1.0-0 amd64 1.52.1+ds-1build1 [231 kB]
Get:44 http://azure.archive.ubuntu.com/ubuntu noble/main amd64 libpangoft2-1.0-0 amd64 1.52.1+ds-1build1 [42.5 kB]
Get:45 http://azure.archive.ubuntu.com/ubuntu noble/main amd64 libpangocairo-1.0-0 amd64 1.52.1+ds-1build1 [28.8 kB]
Get:46 http://azure.archive.ubuntu.com/ubuntu noble/main amd64 libwayland-client0 amd64 1.22.0-2.1build1 [26.4 kB]
Get:47 http://azure.archive.ubuntu.com/ubuntu noble/main amd64 libwayland-cursor0 amd64 1.22.0-2.1build1 [10.4 kB]
Get:48 http://azure.archive.ubuntu.com/ubuntu noble/main amd64 libwayland-egl1 amd64 1.22.0-2.1build1 [5628 B]
Get:49 http://azure.archive.ubuntu.com/ubuntu noble/main amd64 libxcomposite1 amd64 1:0.4.5-1build3 [6320 B]
Get:50 http://azure.archive.ubuntu.com/ubuntu noble/main amd64 libxfixes3 amd64 1:6.0.0-2build1 [10.8 kB]
Get:51 http://azure.archive.ubuntu.com/ubuntu noble/main amd64 libxcursor1 amd64 1:1.2.1-1build1 [20.7 kB]
Get:52 http://azure.archive.ubuntu.com/ubuntu noble/main amd64 libxdamage1 amd64 1:1.1.6-1build1 [6150 B]
Get:53 http://azure.archive.ubuntu.com/ubuntu noble/main amd64 libxinerama1 amd64 2:1.1.4-3build1 [6396 B]
Get:54 http://azure.archive.ubuntu.com/ubuntu noble/main amd64 libxrandr2 amd64 2:1.5.2-2build1 [19.7 kB]
Get:55 http://azure.archive.ubuntu.com/ubuntu noble-updates/main amd64 libgtk-3-common all 3.24.41-4ubuntu1.3 [1426 kB]
Get:56 http://azure.archive.ubuntu.com/ubuntu noble-updates/main amd64 libgtk-3-0t64 amd64 3.24.41-4ubuntu1.3 [2913 kB]
Get:57 http://azure.archive.ubuntu.com/ubuntu noble/main amd64 libglvnd0 amd64 1.7.0-1build1 [69.6 kB]
Get:58 http://azure.archive.ubuntu.com/ubuntu noble/main amd64 libx11-xcb1 amd64 2:1.8.7-1build1 [7800 B]
Get:59 http://azure.archive.ubuntu.com/ubuntu noble/main amd64 libxcb-dri3-0 amd64 1.15-1ubuntu2 [7142 B]
Get:60 http://azure.archive.ubuntu.com/ubuntu noble/main amd64 libxcb-glx0 amd64 1.15-1ubuntu2 [24.8 kB]
Get:61 http://azure.archive.ubuntu.com/ubuntu noble/main amd64 libxcb-present0 amd64 1.15-1ubuntu2 [5676 B]
Get:62 http://azure.archive.ubuntu.com/ubuntu noble/main amd64 libxcb-xfixes0 amd64 1.15-1ubuntu2 [10.2 kB]
Get:63 http://azure.archive.ubuntu.com/ubuntu noble/main amd64 libxxf86vm1 amd64 1:1.1.4-1build4 [9282 B]
Get:64 http://azure.archive.ubuntu.com/ubuntu noble-updates/main amd64 libdrm-amdgpu1 amd64 2.4.122-1~ubuntu0.24.04.2 [20.9 kB]
Get:65 http://azure.archive.ubuntu.com/ubuntu noble-updates/main amd64 libpciaccess0 amd64 0.17-3ubuntu0.24.04.2 [18.9 kB]
Get:66 http://azure.archive.ubuntu.com/ubuntu noble-updates/main amd64 libdrm-intel1 amd64 2.4.122-1~ubuntu0.24.04.2 [63.8 kB]
Get:67 http://azure.archive.ubuntu.com/ubuntu noble-updates/main amd64 libllvm20 amd64 1:20.1.2-0ubuntu1~24.04.2 [30.6 MB]
Get:68 http://azure.archive.ubuntu.com/ubuntu noble/main amd64 libxcb-randr0 amd64 1.15-1ubuntu2 [17.9 kB]
Get:69 http://azure.archive.ubuntu.com/ubuntu noble/main amd64 libxcb-sync1 amd64 1.15-1ubuntu2 [9312 B]
Get:70 http://azure.archive.ubuntu.com/ubuntu noble/main amd64 libxshmfence1 amd64 1.3-1build5 [4764 B]
Get:71 http://azure.archive.ubuntu.com/ubuntu noble-updates/main amd64 mesa-libgallium amd64 25.0.7-0ubuntu0.24.04.2 [10.3 MB]
Get:72 http://azure.archive.ubuntu.com/ubuntu noble/main amd64 libwayland-server0 amd64 1.22.0-2.1build1 [33.9 kB]
Get:73 http://azure.archive.ubuntu.com/ubuntu noble-updates/main amd64 libgbm1 amd64 25.0.7-0ubuntu0.24.04.2 [32.7 kB]
Get:74 http://azure.archive.ubuntu.com/ubuntu noble/main amd64 libvulkan1 amd64 1.3.275.0-1build1 [142 kB]
Get:75 http://azure.archive.ubuntu.com/ubuntu noble-updates/main amd64 libgl1-mesa-dri amd64 25.0.7-0ubuntu0.24.04.2 [35.8 kB]
Get:76 http://azure.archive.ubuntu.com/ubuntu noble-updates/main amd64 libglx-mesa0 amd64 25.0.7-0ubuntu0.24.04.2 [141 kB]
Get:77 http://azure.archive.ubuntu.com/ubuntu noble/main amd64 libglx0 amd64 1.7.0-1build1 [38.6 kB]
Get:78 http://azure.archive.ubuntu.com/ubuntu noble/main amd64 libgl1 amd64 1.7.0-1build1 [102 kB]
Get:79 http://azure.archive.ubuntu.com/ubuntu noble/main amd64 libgif7 amd64 5.2.2-1ubuntu1 [35.2 kB]
Get:80 http://azure.archive.ubuntu.com/ubuntu noble-updates/main amd64 openjdk-21-jre amd64 21.0.9+10-1~24.04 [232 kB]
Get:81 http://azure.archive.ubuntu.com/ubuntu noble/main amd64 default-jre amd64 2:1.21-75+exp1 [922 B]
Get:82 http://azure.archive.ubuntu.com/ubuntu noble-updates/main amd64 openjdk-21-jdk-headless amd64 21.0.9+10-1~24.04 [82.7 MB]
Get:83 http://azure.archive.ubuntu.com/ubuntu noble/main amd64 default-jdk-headless amd64 2:1.21-75+exp1 [960 B]
Get:84 http://azure.archive.ubuntu.com/ubuntu noble-updates/main amd64 openjdk-21-jdk amd64 21.0.9+10-1~24.04 [1660 kB]
Get:85 http://azure.archive.ubuntu.com/ubuntu noble/main amd64 default-jdk amd64 2:1.21-75+exp1 [926 B]
Get:86 http://azure.archive.ubuntu.com/ubuntu noble/main amd64 fonts-dejavu-extra all 2.37-8 [1947 kB]
Get:87 http://azure.archive.ubuntu.com/ubuntu noble/main amd64 libice6 amd64 2:1.0.10-1build3 [41.4 kB]
Get:88 http://azure.archive.ubuntu.com/ubuntu noble/main amd64 libsm6 amd64 2:1.2.3-1build3 [15.7 kB]
Get:89 http://azure.archive.ubuntu.com/ubuntu noble/main amd64 libxt6t64 amd64 1:1.2.1-1.2build1 [171 kB]
Get:90 http://azure.archive.ubuntu.com/ubuntu noble/main amd64 libxmu6 amd64 2:1.1.3-3build2 [47.6 kB]
Get:91 http://azure.archive.ubuntu.com/ubuntu noble/main amd64 libxpm4 amd64 1:3.5.17-1build2 [36.5 kB]
Get:92 http://azure.archive.ubuntu.com/ubuntu noble/main amd64 libxaw7 amd64 2:1.0.14-1build2 [187 kB]
Get:93 http://azure.archive.ubuntu.com/ubuntu noble/main amd64 libxcb-shape0 amd64 1.15-1ubuntu2 [6100 B]
Get:94 http://azure.archive.ubuntu.com/ubuntu noble/main amd64 libxft2 amd64 2.3.6-1build1 [45.3 kB]
Get:95 http://azure.archive.ubuntu.com/ubuntu noble/main amd64 libxkbfile1 amd64 1:1.1.0-1build4 [70.0 kB]
Get:96 http://azure.archive.ubuntu.com/ubuntu noble/main amd64 libxv1 amd64 2:1.0.11-1.1build1 [10.7 kB]
Get:97 http://azure.archive.ubuntu.com/ubuntu noble/main amd64 libxxf86dga1 amd64 2:1.1.5-1build1 [11.6 kB]
Get:98 http://azure.archive.ubuntu.com/ubuntu noble/main amd64 x11-utils amd64 7.7+6build2 [189 kB]
Get:99 http://azure.archive.ubuntu.com/ubuntu noble/main amd64 libatk-wrapper-java all 0.40.0-3build2 [54.3 kB]
Get:100 http://azure.archive.ubuntu.com/ubuntu noble/main amd64 libatk-wrapper-java-jni amd64 0.40.0-3build2 [46.4 kB]
Get:101 http://azure.archive.ubuntu.com/ubuntu noble-updates/main amd64 libgdk-pixbuf2.0-bin amd64 2.42.10+dfsg-3ubuntu3.2 [13.9 kB]
Get:102 http://azure.archive.ubuntu.com/ubuntu noble-updates/main amd64 libgtk-3-bin amd64 3.24.41-4ubuntu1.3 [73.9 kB]
Get:103 http://azure.archive.ubuntu.com/ubuntu noble/main amd64 xorg-sgml-doctools all 1:1.11-1.1 [10.9 kB]
Get:104 http://azure.archive.ubuntu.com/ubuntu noble/main amd64 x11proto-dev all 2023.2-1 [602 kB]
Get:105 http://azure.archive.ubuntu.com/ubuntu noble/main amd64 libice-dev amd64 2:1.0.10-1build3 [51.0 kB]
Get:106 http://azure.archive.ubuntu.com/ubuntu noble/main amd64 libpthread-stubs0-dev amd64 0.4-1build3 [4746 B]
Get:107 http://azure.archive.ubuntu.com/ubuntu noble/main amd64 librsvg2-2 amd64 2.58.0+dfsg-1build1 [2135 kB]
Get:108 http://azure.archive.ubuntu.com/ubuntu noble/main amd64 librsvg2-common amd64 2.58.0+dfsg-1build1 [11.8 kB]
Get:109 http://azure.archive.ubuntu.com/ubuntu noble/main amd64 libsm-dev amd64 2:1.2.3-1build3 [17.8 kB]
Get:110 http://azure.archive.ubuntu.com/ubuntu noble/main amd64 libxau-dev amd64 1:1.0.9-1build6 [9570 B]
Get:111 http://azure.archive.ubuntu.com/ubuntu noble/main amd64 libxdmcp-dev amd64 1:1.1.3-0ubuntu6 [26.5 kB]
Get:112 http://azure.archive.ubuntu.com/ubuntu noble/main amd64 xtrans-dev all 1.4.0-1 [68.9 kB]
Get:113 http://azure.archive.ubuntu.com/ubuntu noble/main amd64 libxcb1-dev amd64 1.15-1ubuntu2 [85.8 kB]
Get:114 http://azure.archive.ubuntu.com/ubuntu noble/main amd64 libx11-dev amd64 2:1.8.7-1build1 [732 kB]
Get:115 http://azure.archive.ubuntu.com/ubuntu noble/main amd64 libxt-dev amd64 1:1.2.1-1.2build1 [394 kB]
Get:116 http://azure.archive.ubuntu.com/ubuntu noble-updates/main amd64 mesa-vulkan-drivers amd64 25.0.7-0ubuntu0.24.04.2 [15.3 MB]
Fetched 206 MB in 7s (30.8 MB/s)
Extracting templates from packages: 100%
Selecting previously unselected package libgdk-pixbuf2.0-common.
(Reading database ... 68940 files and directories currently installed.)
Preparing to unpack .../000-libgdk-pixbuf2.0-common_2.42.10+dfsg-3ubuntu3.2_all.deb ...
Unpacking libgdk-pixbuf2.0-common (2.42.10+dfsg-3ubuntu3.2) ...
Selecting previously unselected package libdeflate0:amd64.
Preparing to unpack .../001-libdeflate0_1.19-1build1.1_amd64.deb ...
Unpacking libdeflate0:amd64 (1.19-1build1.1) ...
Selecting previously unselected package libjbig0:amd64.
Preparing to unpack .../002-libjbig0_2.1-6.1ubuntu2_amd64.deb ...
Unpacking libjbig0:amd64 (2.1-6.1ubuntu2) ...
Selecting previously unselected package liblerc4:amd64.
Preparing to unpack .../003-liblerc4_4.0.0+ds-4ubuntu2_amd64.deb ...
Unpacking liblerc4:amd64 (4.0.0+ds-4ubuntu2) ...
Selecting previously unselected package libsharpyuv0:amd64.
Preparing to unpack .../004-libsharpyuv0_1.3.2-0.4build3_amd64.deb ...
Unpacking libsharpyuv0:amd64 (1.3.2-0.4build3) ...
Selecting previously unselected package libwebp7:amd64.
Preparing to unpack .../005-libwebp7_1.3.2-0.4build3_amd64.deb ...
Unpacking libwebp7:amd64 (1.3.2-0.4build3) ...
Selecting previously unselected package libtiff6:amd64.
Preparing to unpack .../006-libtiff6_4.5.1+git230720-4ubuntu2.4_amd64.deb ...
Unpacking libtiff6:amd64 (4.5.1+git230720-4ubuntu2.4) ...
Selecting previously unselected package libgdk-pixbuf-2.0-0:amd64.
Preparing to unpack .../007-libgdk-pixbuf-2.0-0_2.42.10+dfsg-3ubuntu3.2_amd64.deb ...
Unpacking libgdk-pixbuf-2.0-0:amd64 (2.42.10+dfsg-3ubuntu3.2) ...
Selecting previously unselected package gtk-update-icon-cache.
Preparing to unpack .../008-gtk-update-icon-cache_3.24.41-4ubuntu1.3_amd64.deb ...
Unpacking gtk-update-icon-cache (3.24.41-4ubuntu1.3) ...
Selecting previously unselected package hicolor-icon-theme.
Preparing to unpack .../009-hicolor-icon-theme_0.17-2_all.deb ...
Unpacking hicolor-icon-theme (0.17-2) ...
Selecting previously unselected package humanity-icon-theme.
Preparing to unpack .../010-humanity-icon-theme_0.6.16_all.deb ...
Unpacking humanity-icon-theme (0.6.16) ...
Selecting previously unselected package ubuntu-mono.
Preparing to unpack .../011-ubuntu-mono_24.04-0ubuntu1_all.deb ...
Unpacking ubuntu-mono (24.04-0ubuntu1) ...
Selecting previously unselected package adwaita-icon-theme.
Preparing to unpack .../012-adwaita-icon-theme_46.0-1_all.deb ...
Unpacking adwaita-icon-theme (46.0-1) ...
Selecting previously unselected package alsa-topology-conf.
Preparing to unpack .../013-alsa-topology-conf_1.2.5.1-2_all.deb ...
Unpacking alsa-topology-conf (1.2.5.1-2) ...
Selecting previously unselected package libasound2-data.
Preparing to unpack .../014-libasound2-data_1.2.11-1ubuntu0.1_all.deb ...
Unpacking libasound2-data (1.2.11-1ubuntu0.1) ...
Selecting previously unselected package libasound2t64:amd64.
Preparing to unpack .../015-libasound2t64_1.2.11-1ubuntu0.1_amd64.deb ...
Unpacking libasound2t64:amd64 (1.2.11-1ubuntu0.1) ...
Selecting previously unselected package alsa-ucm-conf.
Preparing to unpack .../016-alsa-ucm-conf_1.2.10-1ubuntu5.7_all.deb ...
Unpacking alsa-ucm-conf (1.2.10-1ubuntu5.7) ...
Selecting previously unselected package at-spi2-common.
Preparing to unpack .../017-at-spi2-common_2.52.0-1build1_all.deb ...
Unpacking at-spi2-common (2.52.0-1build1) ...
Selecting previously unselected package libatspi2.0-0t64:amd64.
Preparing to unpack .../018-libatspi2.0-0t64_2.52.0-1build1_amd64.deb ...
Unpacking libatspi2.0-0t64:amd64 (2.52.0-1build1) ...
Selecting previously unselected package libdconf1:amd64.
Preparing to unpack .../019-libdconf1_0.40.0-4ubuntu0.1_amd64.deb ...
Unpacking libdconf1:amd64 (0.40.0-4ubuntu0.1) ...
Selecting previously unselected package dconf-service.
Preparing to unpack .../020-dconf-service_0.40.0-4ubuntu0.1_amd64.deb ...
Unpacking dconf-service (0.40.0-4ubuntu0.1) ...
Selecting previously unselected package dconf-gsettings-backend:amd64.
Preparing to unpack .../021-dconf-gsettings-backend_0.40.0-4ubuntu0.1_amd64.deb ...
Unpacking dconf-gsettings-backend:amd64 (0.40.0-4ubuntu0.1) ...
Selecting previously unselected package session-migration.
Preparing to unpack .../022-session-migration_0.3.9build1_amd64.deb ...
Unpacking session-migration (0.3.9build1) ...
Selecting previously unselected package gsettings-desktop-schemas.
Preparing to unpack .../023-gsettings-desktop-schemas_46.1-0ubuntu1_all.deb ...
Unpacking gsettings-desktop-schemas (46.1-0ubuntu1) ...
Selecting previously unselected package at-spi2-core.
Preparing to unpack .../024-at-spi2-core_2.52.0-1build1_amd64.deb ...
Unpacking at-spi2-core (2.52.0-1build1) ...
Selecting previously unselected package openjdk-21-jre-headless:amd64.
Preparing to unpack .../025-openjdk-21-jre-headless_21.0.9+10-1~24.04_amd64.deb ...
Unpacking openjdk-21-jre-headless:amd64 (21.0.9+10-1~24.04) ...
Selecting previously unselected package default-jre-headless.
Preparing to unpack .../026-default-jre-headless_2%3a1.21-75+exp1_amd64.deb ...
Unpacking default-jre-headless (2:1.21-75+exp1) ...
Selecting previously unselected package libatk1.0-0t64:amd64.
Preparing to unpack .../027-libatk1.0-0t64_2.52.0-1build1_amd64.deb ...
Unpacking libatk1.0-0t64:amd64 (2.52.0-1build1) ...
Selecting previously unselected package libatk-bridge2.0-0t64:amd64.
Preparing to unpack .../028-libatk-bridge2.0-0t64_2.52.0-1build1_amd64.deb ...
Unpacking libatk-bridge2.0-0t64:amd64 (2.52.0-1build1) ...
Selecting previously unselected package libpixman-1-0:amd64.
Preparing to unpack .../029-libpixman-1-0_0.42.2-1build1_amd64.deb ...
Unpacking libpixman-1-0:amd64 (0.42.2-1build1) ...
Selecting previously unselected package libxcb-render0:amd64.
Preparing to unpack .../030-libxcb-render0_1.15-1ubuntu2_amd64.deb ...
Unpacking libxcb-render0:amd64 (1.15-1ubuntu2) ...
Selecting previously unselected package libxcb-shm0:amd64.
Preparing to unpack .../031-libxcb-shm0_1.15-1ubuntu2_amd64.deb ...
Unpacking libxcb-shm0:amd64 (1.15-1ubuntu2) ...
Selecting previously unselected package libcairo2:amd64.
Preparing to unpack .../032-libcairo2_1.18.0-3build1_amd64.deb ...
Unpacking libcairo2:amd64 (1.18.0-3build1) ...
Selecting previously unselected package libcairo-gobject2:amd64.
Preparing to unpack .../033-libcairo-gobject2_1.18.0-3build1_amd64.deb ...
Unpacking libcairo-gobject2:amd64 (1.18.0-3build1) ...
Selecting previously unselected package libcolord2:amd64.
Preparing to unpack .../034-libcolord2_1.4.7-1build2_amd64.deb ...
Unpacking libcolord2:amd64 (1.4.7-1build2) ...
Selecting previously unselected package libepoxy0:amd64.
Preparing to unpack .../035-libepoxy0_1.5.10-1build1_amd64.deb ...
Unpacking libepoxy0:amd64 (1.5.10-1build1) ...
Selecting previously unselected package libgraphite2-3:amd64.
Preparing to unpack .../036-libgraphite2-3_1.3.14-2build1_amd64.deb ...
Unpacking libgraphite2-3:amd64 (1.3.14-2build1) ...
Selecting previously unselected package libharfbuzz0b:amd64.
Preparing to unpack .../037-libharfbuzz0b_8.3.0-2build2_amd64.deb ...
Unpacking libharfbuzz0b:amd64 (8.3.0-2build2) ...
Selecting previously unselected package fontconfig.
Preparing to unpack .../038-fontconfig_2.15.0-1.1ubuntu2_amd64.deb ...
Unpacking fontconfig (2.15.0-1.1ubuntu2) ...
Selecting previously unselected package libthai-data.
Preparing to unpack .../039-libthai-data_0.1.29-2build1_all.deb ...
Unpacking libthai-data (0.1.29-2build1) ...
Selecting previously unselected package libdatrie1:amd64.
Preparing to unpack .../040-libdatrie1_0.2.13-3build1_amd64.deb ...
Unpacking libdatrie1:amd64 (0.2.13-3build1) ...
Selecting previously unselected package libthai0:amd64.
Preparing to unpack .../041-libthai0_0.1.29-2build1_amd64.deb ...
Unpacking libthai0:amd64 (0.1.29-2build1) ...
Selecting previously unselected package libpango-1.0-0:amd64.
Preparing to unpack .../042-libpango-1.0-0_1.52.1+ds-1build1_amd64.deb ...
Unpacking libpango-1.0-0:amd64 (1.52.1+ds-1build1) ...
Selecting previously unselected package libpangoft2-1.0-0:amd64.
Preparing to unpack .../043-libpangoft2-1.0-0_1.52.1+ds-1build1_amd64.deb ...
Unpacking libpangoft2-1.0-0:amd64 (1.52.1+ds-1build1) ...
Selecting previously unselected package libpangocairo-1.0-0:amd64.
Preparing to unpack .../044-libpangocairo-1.0-0_1.52.1+ds-1build1_amd64.deb ...
Unpacking libpangocairo-1.0-0:amd64 (1.52.1+ds-1build1) ...
Selecting previously unselected package libwayland-client0:amd64.
Preparing to unpack .../045-libwayland-client0_1.22.0-2.1build1_amd64.deb ...
Unpacking libwayland-client0:amd64 (1.22.0-2.1build1) ...
Selecting previously unselected package libwayland-cursor0:amd64.
Preparing to unpack .../046-libwayland-cursor0_1.22.0-2.1build1_amd64.deb ...
Unpacking libwayland-cursor0:amd64 (1.22.0-2.1build1) ...
Selecting previously unselected package libwayland-egl1:amd64.
Preparing to unpack .../047-libwayland-egl1_1.22.0-2.1build1_amd64.deb ...
Unpacking libwayland-egl1:amd64 (1.22.0-2.1build1) ...
Selecting previously unselected package libxcomposite1:amd64.
Preparing to unpack .../048-libxcomposite1_1%3a0.4.5-1build3_amd64.deb ...
Unpacking libxcomposite1:amd64 (1:0.4.5-1build3) ...
Selecting previously unselected package libxfixes3:amd64.
Preparing to unpack .../049-libxfixes3_1%3a6.0.0-2build1_amd64.deb ...
Unpacking libxfixes3:amd64 (1:6.0.0-2build1) ...
Selecting previously unselected package libxcursor1:amd64.
Preparing to unpack .../050-libxcursor1_1%3a1.2.1-1build1_amd64.deb ...
Unpacking libxcursor1:amd64 (1:1.2.1-1build1) ...
Selecting previously unselected package libxdamage1:amd64.
Preparing to unpack .../051-libxdamage1_1%3a1.1.6-1build1_amd64.deb ...
Unpacking libxdamage1:amd64 (1:1.1.6-1build1) ...
Selecting previously unselected package libxinerama1:amd64.
Preparing to unpack .../052-libxinerama1_2%3a1.1.4-3build1_amd64.deb ...
Unpacking libxinerama1:amd64 (2:1.1.4-3build1) ...
Selecting previously unselected package libxrandr2:amd64.
Preparing to unpack .../053-libxrandr2_2%3a1.5.2-2build1_amd64.deb ...
Unpacking libxrandr2:amd64 (2:1.5.2-2build1) ...
Selecting previously unselected package libgtk-3-common.
Preparing to unpack .../054-libgtk-3-common_3.24.41-4ubuntu1.3_all.deb ...
Unpacking libgtk-3-common (3.24.41-4ubuntu1.3) ...
Selecting previously unselected package libgtk-3-0t64:amd64.
Preparing to unpack .../055-libgtk-3-0t64_3.24.41-4ubuntu1.3_amd64.deb ...
Unpacking libgtk-3-0t64:amd64 (3.24.41-4ubuntu1.3) ...
Selecting previously unselected package libglvnd0:amd64.
Preparing to unpack .../056-libglvnd0_1.7.0-1build1_amd64.deb ...
Unpacking libglvnd0:amd64 (1.7.0-1build1) ...
Selecting previously unselected package libx11-xcb1:amd64.
Preparing to unpack .../057-libx11-xcb1_2%3a1.8.7-1build1_amd64.deb ...
Unpacking libx11-xcb1:amd64 (2:1.8.7-1build1) ...
Selecting previously unselected package libxcb-dri3-0:amd64.
Preparing to unpack .../058-libxcb-dri3-0_1.15-1ubuntu2_amd64.deb ...
Unpacking libxcb-dri3-0:amd64 (1.15-1ubuntu2) ...
Selecting previously unselected package libxcb-glx0:amd64.
Preparing to unpack .../059-libxcb-glx0_1.15-1ubuntu2_amd64.deb ...
Unpacking libxcb-glx0:amd64 (1.15-1ubuntu2) ...
Selecting previously unselected package libxcb-present0:amd64.
Preparing to unpack .../060-libxcb-present0_1.15-1ubuntu2_amd64.deb ...
Unpacking libxcb-present0:amd64 (1.15-1ubuntu2) ...
Selecting previously unselected package libxcb-xfixes0:amd64.
Preparing to unpack .../061-libxcb-xfixes0_1.15-1ubuntu2_amd64.deb ...
Unpacking libxcb-xfixes0:amd64 (1.15-1ubuntu2) ...
Selecting previously unselected package libxxf86vm1:amd64.
Preparing to unpack .../062-libxxf86vm1_1%3a1.1.4-1build4_amd64.deb ...
Unpacking libxxf86vm1:amd64 (1:1.1.4-1build4) ...
Selecting previously unselected package libdrm-amdgpu1:amd64.
Preparing to unpack .../063-libdrm-amdgpu1_2.4.122-1~ubuntu0.24.04.2_amd64.deb ...
Unpacking libdrm-amdgpu1:amd64 (2.4.122-1~ubuntu0.24.04.2) ...
Selecting previously unselected package libpciaccess0:amd64.
Preparing to unpack .../064-libpciaccess0_0.17-3ubuntu0.24.04.2_amd64.deb ...
Unpacking libpciaccess0:amd64 (0.17-3ubuntu0.24.04.2) ...
Selecting previously unselected package libdrm-intel1:amd64.
Preparing to unpack .../065-libdrm-intel1_2.4.122-1~ubuntu0.24.04.2_amd64.deb ...
Unpacking libdrm-intel1:amd64 (2.4.122-1~ubuntu0.24.04.2) ...
Selecting previously unselected package libllvm20:amd64.
Preparing to unpack .../066-libllvm20_1%3a20.1.2-0ubuntu1~24.04.2_amd64.deb ...
Unpacking libllvm20:amd64 (1:20.1.2-0ubuntu1~24.04.2) ...
Selecting previously unselected package libxcb-randr0:amd64.
Preparing to unpack .../067-libxcb-randr0_1.15-1ubuntu2_amd64.deb ...
Unpacking libxcb-randr0:amd64 (1.15-1ubuntu2) ...
Selecting previously unselected package libxcb-sync1:amd64.
Preparing to unpack .../068-libxcb-sync1_1.15-1ubuntu2_amd64.deb ...
Unpacking libxcb-sync1:amd64 (1.15-1ubuntu2) ...
Selecting previously unselected package libxshmfence1:amd64.
Preparing to unpack .../069-libxshmfence1_1.3-1build5_amd64.deb ...
Unpacking libxshmfence1:amd64 (1.3-1build5) ...
Selecting previously unselected package mesa-libgallium:amd64.
Preparing to unpack .../070-mesa-libgallium_25.0.7-0ubuntu0.24.04.2_amd64.deb ...
Unpacking mesa-libgallium:amd64 (25.0.7-0ubuntu0.24.04.2) ...
Selecting previously unselected package libwayland-server0:amd64.
Preparing to unpack .../071-libwayland-server0_1.22.0-2.1build1_amd64.deb ...
Unpacking libwayland-server0:amd64 (1.22.0-2.1build1) ...
Selecting previously unselected package libgbm1:amd64.
Preparing to unpack .../072-libgbm1_25.0.7-0ubuntu0.24.04.2_amd64.deb ...
Unpacking libgbm1:amd64 (25.0.7-0ubuntu0.24.04.2) ...
Selecting previously unselected package libvulkan1:amd64.
Preparing to unpack .../073-libvulkan1_1.3.275.0-1build1_amd64.deb ...
Unpacking libvulkan1:amd64 (1.3.275.0-1build1) ...
Selecting previously unselected package libgl1-mesa-dri:amd64.
Preparing to unpack .../074-libgl1-mesa-dri_25.0.7-0ubuntu0.24.04.2_amd64.deb ...
Unpacking libgl1-mesa-dri:amd64 (25.0.7-0ubuntu0.24.04.2) ...
Selecting previously unselected package libglx-mesa0:amd64.
Preparing to unpack .../075-libglx-mesa0_25.0.7-0ubuntu0.24.04.2_amd64.deb ...
Unpacking libglx-mesa0:amd64 (25.0.7-0ubuntu0.24.04.2) ...
Selecting previously unselected package libglx0:amd64.
Preparing to unpack .../076-libglx0_1.7.0-1build1_amd64.deb ...
Unpacking libglx0:amd64 (1.7.0-1build1) ...
Selecting previously unselected package libgl1:amd64.
Preparing to unpack .../077-libgl1_1.7.0-1build1_amd64.deb ...
Unpacking libgl1:amd64 (1.7.0-1build1) ...
Selecting previously unselected package libgif7:amd64.
Preparing to unpack .../078-libgif7_5.2.2-1ubuntu1_amd64.deb ...
Unpacking libgif7:amd64 (5.2.2-1ubuntu1) ...
Selecting previously unselected package openjdk-21-jre:amd64.
Preparing to unpack .../079-openjdk-21-jre_21.0.9+10-1~24.04_amd64.deb ...
Unpacking openjdk-21-jre:amd64 (21.0.9+10-1~24.04) ...
Selecting previously unselected package default-jre.
Preparing to unpack .../080-default-jre_2%3a1.21-75+exp1_amd64.deb ...
Unpacking default-jre (2:1.21-75+exp1) ...
Selecting previously unselected package openjdk-21-jdk-headless:amd64.
Preparing to unpack .../081-openjdk-21-jdk-headless_21.0.9+10-1~24.04_amd64.deb ...
Unpacking openjdk-21-jdk-headless:amd64 (21.0.9+10-1~24.04) ...
Selecting previously unselected package default-jdk-headless.
Preparing to unpack .../082-default-jdk-headless_2%3a1.21-75+exp1_amd64.deb ...
Unpacking default-jdk-headless (2:1.21-75+exp1) ...
Selecting previously unselected package openjdk-21-jdk:amd64.
Preparing to unpack .../083-openjdk-21-jdk_21.0.9+10-1~24.04_amd64.deb ...
Unpacking openjdk-21-jdk:amd64 (21.0.9+10-1~24.04) ...
Selecting previously unselected package default-jdk.
Preparing to unpack .../084-default-jdk_2%3a1.21-75+exp1_amd64.deb ...
Unpacking default-jdk (2:1.21-75+exp1) ...
Selecting previously unselected package fonts-dejavu-extra.
Preparing to unpack .../085-fonts-dejavu-extra_2.37-8_all.deb ...
Unpacking fonts-dejavu-extra (2.37-8) ...
Selecting previously unselected package libice6:amd64.
Preparing to unpack .../086-libice6_2%3a1.0.10-1build3_amd64.deb ...
Unpacking libice6:amd64 (2:1.0.10-1build3) ...
Selecting previously unselected package libsm6:amd64.
Preparing to unpack .../087-libsm6_2%3a1.2.3-1build3_amd64.deb ...
Unpacking libsm6:amd64 (2:1.2.3-1build3) ...
Selecting previously unselected package libxt6t64:amd64.
Preparing to unpack .../088-libxt6t64_1%3a1.2.1-1.2build1_amd64.deb ...
Unpacking libxt6t64:amd64 (1:1.2.1-1.2build1) ...
Selecting previously unselected package libxmu6:amd64.
Preparing to unpack .../089-libxmu6_2%3a1.1.3-3build2_amd64.deb ...
Unpacking libxmu6:amd64 (2:1.1.3-3build2) ...
Selecting previously unselected package libxpm4:amd64.
Preparing to unpack .../090-libxpm4_1%3a3.5.17-1build2_amd64.deb ...
Unpacking libxpm4:amd64 (1:3.5.17-1build2) ...
Selecting previously unselected package libxaw7:amd64.
Preparing to unpack .../091-libxaw7_2%3a1.0.14-1build2_amd64.deb ...
Unpacking libxaw7:amd64 (2:1.0.14-1build2) ...
Selecting previously unselected package libxcb-shape0:amd64.
Preparing to unpack .../092-libxcb-shape0_1.15-1ubuntu2_amd64.deb ...
Unpacking libxcb-shape0:amd64 (1.15-1ubuntu2) ...
Selecting previously unselected package libxft2:amd64.
Preparing to unpack .../093-libxft2_2.3.6-1build1_amd64.deb ...
Unpacking libxft2:amd64 (2.3.6-1build1) ...
Selecting previously unselected package libxkbfile1:amd64.
Preparing to unpack .../094-libxkbfile1_1%3a1.1.0-1build4_amd64.deb ...
Unpacking libxkbfile1:amd64 (1:1.1.0-1build4) ...
Selecting previously unselected package libxv1:amd64.
Preparing to unpack .../095-libxv1_2%3a1.0.11-1.1build1_amd64.deb ...
Unpacking libxv1:amd64 (2:1.0.11-1.1build1) ...
Selecting previously unselected package libxxf86dga1:amd64.
Preparing to unpack .../096-libxxf86dga1_2%3a1.1.5-1build1_amd64.deb ...
Unpacking libxxf86dga1:amd64 (2:1.1.5-1build1) ...
Selecting previously unselected package x11-utils.
Preparing to unpack .../097-x11-utils_7.7+6build2_amd64.deb ...
Unpacking x11-utils (7.7+6build2) ...
Selecting previously unselected package libatk-wrapper-java.
Preparing to unpack .../098-libatk-wrapper-java_0.40.0-3build2_all.deb ...
Unpacking libatk-wrapper-java (0.40.0-3build2) ...
Selecting previously unselected package libatk-wrapper-java-jni:amd64.
Preparing to unpack .../099-libatk-wrapper-java-jni_0.40.0-3build2_amd64.deb ...
Unpacking libatk-wrapper-java-jni:amd64 (0.40.0-3build2) ...
Selecting previously unselected package libgdk-pixbuf2.0-bin.
Preparing to unpack .../100-libgdk-pixbuf2.0-bin_2.42.10+dfsg-3ubuntu3.2_amd64.deb ...
Unpacking libgdk-pixbuf2.0-bin (2.42.10+dfsg-3ubuntu3.2) ...
Selecting previously unselected package libgtk-3-bin.
Preparing to unpack .../101-libgtk-3-bin_3.24.41-4ubuntu1.3_amd64.deb ...
Unpacking libgtk-3-bin (3.24.41-4ubuntu1.3) ...
Selecting previously unselected package xorg-sgml-doctools.
Preparing to unpack .../102-xorg-sgml-doctools_1%3a1.11-1.1_all.deb ...
Unpacking xorg-sgml-doctools (1:1.11-1.1) ...
Selecting previously unselected package x11proto-dev.
Preparing to unpack .../103-x11proto-dev_2023.2-1_all.deb ...
Unpacking x11proto-dev (2023.2-1) ...
Selecting previously unselected package libice-dev:amd64.
Preparing to unpack .../104-libice-dev_2%3a1.0.10-1build3_amd64.deb ...
Unpacking libice-dev:amd64 (2:1.0.10-1build3) ...
Selecting previously unselected package libpthread-stubs0-dev:amd64.
Preparing to unpack .../105-libpthread-stubs0-dev_0.4-1build3_amd64.deb ...
Unpacking libpthread-stubs0-dev:amd64 (0.4-1build3) ...
Selecting previously unselected package librsvg2-2:amd64.
Preparing to unpack .../106-librsvg2-2_2.58.0+dfsg-1build1_amd64.deb ...
Unpacking librsvg2-2:amd64 (2.58.0+dfsg-1build1) ...
Selecting previously unselected package librsvg2-common:amd64.
Preparing to unpack .../107-librsvg2-common_2.58.0+dfsg-1build1_amd64.deb ...
Unpacking librsvg2-common:amd64 (2.58.0+dfsg-1build1) ...
Selecting previously unselected package libsm-dev:amd64.
Preparing to unpack .../108-libsm-dev_2%3a1.2.3-1build3_amd64.deb ...
Unpacking libsm-dev:amd64 (2:1.2.3-1build3) ...
Selecting previously unselected package libxau-dev:amd64.
Preparing to unpack .../109-libxau-dev_1%3a1.0.9-1build6_amd64.deb ...
Unpacking libxau-dev:amd64 (1:1.0.9-1build6) ...
Selecting previously unselected package libxdmcp-dev:amd64.
Preparing to unpack .../110-libxdmcp-dev_1%3a1.1.3-0ubuntu6_amd64.deb ...
Unpacking libxdmcp-dev:amd64 (1:1.1.3-0ubuntu6) ...
Selecting previously unselected package xtrans-dev.
Preparing to unpack .../111-xtrans-dev_1.4.0-1_all.deb ...
Unpacking xtrans-dev (1.4.0-1) ...
Selecting previously unselected package libxcb1-dev:amd64.
Preparing to unpack .../112-libxcb1-dev_1.15-1ubuntu2_amd64.deb ...
Unpacking libxcb1-dev:amd64 (1.15-1ubuntu2) ...
Selecting previously unselected package libx11-dev:amd64.
Preparing to unpack .../113-libx11-dev_2%3a1.8.7-1build1_amd64.deb ...
Unpacking libx11-dev:amd64 (2:1.8.7-1build1) ...
Selecting previously unselected package libxt-dev:amd64.
Preparing to unpack .../114-libxt-dev_1%3a1.2.1-1.2build1_amd64.deb ...
Unpacking libxt-dev:amd64 (1:1.2.1-1.2build1) ...
Selecting previously unselected package mesa-vulkan-drivers:amd64.
Preparing to unpack .../115-mesa-vulkan-drivers_25.0.7-0ubuntu0.24.04.2_amd64.deb ...
Unpacking mesa-vulkan-drivers:amd64 (25.0.7-0ubuntu0.24.04.2) ...
Setting up libgraphite2-3:amd64 (1.3.14-2build1) ...
Setting up libxcb-dri3-0:amd64 (1.15-1ubuntu2) ...
Setting up libpixman-1-0:amd64 (0.42.2-1build1) ...
Setting up libsharpyuv0:amd64 (1.3.2-0.4build3) ...
Setting up libwayland-server0:amd64 (1.22.0-2.1build1) ...
Setting up libx11-xcb1:amd64 (2:1.8.7-1build1) ...
Setting up libice6:amd64 (2:1.0.10-1build3) ...
Setting up libpciaccess0:amd64 (0.17-3ubuntu0.24.04.2) ...
Setting up session-migration (0.3.9build1) ...
Created symlink /etc/systemd/user/graphical-session-pre.target.wants/session-migration.service → /usr/lib/systemd/user/session-migration.service.
Setting up fontconfig (2.15.0-1.1ubuntu2) ...
Regenerating fonts cache... done.
Setting up libxft2:amd64 (2.3.6-1build1) ...
Setting up libxdamage1:amd64 (1:1.1.6-1build1) ...
Setting up libxcb-xfixes0:amd64 (1.15-1ubuntu2) ...
Setting up liblerc4:amd64 (4.0.0+ds-4ubuntu2) ...
Setting up libxpm4:amd64 (1:3.5.17-1build2) ...
Setting up openjdk-21-jre-headless:amd64 (21.0.9+10-1~24.04) ...
update-alternatives: using /usr/lib/jvm/java-21-openjdk-amd64/bin/java to provide /usr/bin/java (java) in auto mode
update-alternatives: using /usr/lib/jvm/java-21-openjdk-amd64/bin/jpackage to provide /usr/bin/jpackage (jpackage) in auto mode
update-alternatives: using /usr/lib/jvm/java-21-openjdk-amd64/bin/keytool to provide /usr/bin/keytool (keytool) in auto mode
update-alternatives: using /usr/lib/jvm/java-21-openjdk-amd64/bin/rmiregistry to provide /usr/bin/rmiregistry (rmiregistry) in auto mode
update-alternatives: using /usr/lib/jvm/java-21-openjdk-amd64/lib/jexec to provide /usr/bin/jexec (jexec) in auto mode
Setting up hicolor-icon-theme (0.17-2) ...
Setting up libdatrie1:amd64 (0.2.13-3build1) ...
Setting up libxcb-render0:amd64 (1.15-1ubuntu2) ...
Setting up libglvnd0:amd64 (1.7.0-1build1) ...
Setting up libxcb-glx0:amd64 (1.15-1ubuntu2) ...
Setting up libdrm-intel1:amd64 (2.4.122-1~ubuntu0.24.04.2) ...
Setting up libgdk-pixbuf2.0-common (2.42.10+dfsg-3ubuntu3.2) ...
Setting up libxcb-shape0:amd64 (1.15-1ubuntu2) ...
Setting up libxxf86dga1:amd64 (2:1.1.5-1build1) ...
Setting up libdeflate0:amd64 (1.19-1build1.1) ...
Setting up libxcb-shm0:amd64 (1.15-1ubuntu2) ...
Setting up libpthread-stubs0-dev:amd64 (0.4-1build3) ...
Setting up libjbig0:amd64 (2.1-6.1ubuntu2) ...
Setting up libcairo2:amd64 (1.18.0-3build1) ...
Setting up libcolord2:amd64 (1.4.7-1build2) ...
Setting up libxxf86vm1:amd64 (1:1.1.4-1build4) ...
Setting up libxcb-present0:amd64 (1.15-1ubuntu2) ...
Setting up libdconf1:amd64 (0.40.0-4ubuntu0.1) ...
Setting up libasound2-data (1.2.11-1ubuntu0.1) ...
Setting up xtrans-dev (1.4.0-1) ...
Setting up libasound2t64:amd64 (1.2.11-1ubuntu0.1) ...
Setting up libepoxy0:amd64 (1.5.10-1build1) ...
Setting up libxfixes3:amd64 (1:6.0.0-2build1) ...
Setting up libxcb-sync1:amd64 (1.15-1ubuntu2) ...
Setting up libatspi2.0-0t64:amd64 (2.52.0-1build1) ...
Setting up libxinerama1:amd64 (2:1.1.4-3build1) ...
Setting up libxv1:amd64 (2:1.0.11-1.1build1) ...
Setting up libxrandr2:amd64 (2:1.5.2-2build1) ...
Setting up libllvm20:amd64 (1:20.1.2-0ubuntu1~24.04.2) ...
Setting up libvulkan1:amd64 (1.3.275.0-1build1) ...
Setting up libwebp7:amd64 (1.3.2-0.4build3) ...
Setting up libgif7:amd64 (5.2.2-1ubuntu1) ...
Setting up fonts-dejavu-extra (2.37-8) ...
Setting up alsa-topology-conf (1.2.5.1-2) ...
Setting up libxshmfence1:amd64 (1.3-1build5) ...
Setting up at-spi2-common (2.52.0-1build1) ...
Setting up libtiff6:amd64 (4.5.1+git230720-4ubuntu2.4) ...
Setting up libxcb-randr0:amd64 (1.15-1ubuntu2) ...
Setting up libharfbuzz0b:amd64 (8.3.0-2build2) ...
Setting up libthai-data (0.1.29-2build1) ...
Setting up xorg-sgml-doctools (1:1.11-1.1) ...
Setting up libgdk-pixbuf-2.0-0:amd64 (2.42.10+dfsg-3ubuntu3.2) ...
Setting up libcairo-gobject2:amd64 (1.18.0-3build1) ...
Setting up libwayland-egl1:amd64 (1.22.0-2.1build1) ...
Setting up libxkbfile1:amd64 (1:1.1.0-1build4) ...
Setting up libxcomposite1:amd64 (1:0.4.5-1build3) ...
Setting up libsm6:amd64 (2:1.2.3-1build3) ...
Setting up libdrm-amdgpu1:amd64 (2.4.122-1~ubuntu0.24.04.2) ...
Setting up libwayland-client0:amd64 (1.22.0-2.1build1) ...
Setting up mesa-vulkan-drivers:amd64 (25.0.7-0ubuntu0.24.04.2) ...
Setting up gtk-update-icon-cache (3.24.41-4ubuntu1.3) ...
Setting up mesa-libgallium:amd64 (25.0.7-0ubuntu0.24.04.2) ...
Setting up libatk1.0-0t64:amd64 (2.52.0-1build1) ...
Setting up libgbm1:amd64 (25.0.7-0ubuntu0.24.04.2) ...
Setting up alsa-ucm-conf (1.2.10-1ubuntu5.7) ...
Setting up libxcursor1:amd64 (1:1.2.1-1build1) ...
Setting up libgl1-mesa-dri:amd64 (25.0.7-0ubuntu0.24.04.2) ...
Setting up dconf-service (0.40.0-4ubuntu0.1) ...
Setting up libthai0:amd64 (0.1.29-2build1) ...
Setting up libxt6t64:amd64 (1:1.2.1-1.2build1) ...
Setting up libgdk-pixbuf2.0-bin (2.42.10+dfsg-3ubuntu3.2) ...
Setting up libwayland-cursor0:amd64 (1.22.0-2.1build1) ...
Setting up libatk-bridge2.0-0t64:amd64 (2.52.0-1build1) ...
Setting up libxmu6:amd64 (2:1.1.3-3build2) ...
Setting up libglx-mesa0:amd64 (25.0.7-0ubuntu0.24.04.2) ...
Setting up libglx0:amd64 (1.7.0-1build1) ...
Setting up dconf-gsettings-backend:amd64 (0.40.0-4ubuntu0.1) ...
Setting up libpango-1.0-0:amd64 (1.52.1+ds-1build1) ...
Setting up libxaw7:amd64 (2:1.0.14-1build2) ...
Setting up libgl1:amd64 (1.7.0-1build1) ...
Setting up x11-utils (7.7+6build2) ...
Setting up libatk-wrapper-java (0.40.0-3build2) ...
Setting up libpangoft2-1.0-0:amd64 (1.52.1+ds-1build1) ...
Setting up libgtk-3-common (3.24.41-4ubuntu1.3) ...
Setting up libpangocairo-1.0-0:amd64 (1.52.1+ds-1build1) ...
Setting up gsettings-desktop-schemas (46.1-0ubuntu1) ...
Setting up libatk-wrapper-java-jni:amd64 (0.40.0-3build2) ...
Setting up librsvg2-2:amd64 (2.58.0+dfsg-1build1) ...
Setting up librsvg2-common:amd64 (2.58.0+dfsg-1build1) ...
Setting up adwaita-icon-theme (46.0-1) ...
update-alternatives: using /usr/share/icons/Adwaita/cursor.theme to provide /usr/share/icons/default/index.theme (x-cursor-theme) in auto mode
Setting up humanity-icon-theme (0.6.16) ...
Setting up ubuntu-mono (24.04-0ubuntu1) ...
Processing triggers for man-db (2.12.0-4build2) ...
Processing triggers for libglib2.0-0t64:amd64 (2.80.0-6ubuntu3.5) ...
Setting up libgtk-3-0t64:amd64 (3.24.41-4ubuntu1.3) ...
Setting up at-spi2-core (2.52.0-1build1) ...
Processing triggers for sgml-base (1.31) ...
Setting up x11proto-dev (2023.2-1) ...
Setting up libxau-dev:amd64 (1:1.0.9-1build6) ...
Setting up libice-dev:amd64 (2:1.0.10-1build3) ...
Setting up libsm-dev:amd64 (2:1.2.3-1build3) ...
Processing triggers for libc-bin (2.39-0ubuntu8.6) ...
Setting up libgtk-3-bin (3.24.41-4ubuntu1.3) ...
Setting up libxdmcp-dev:amd64 (1:1.1.3-0ubuntu6) ...
Setting up libxcb1-dev:amd64 (1.15-1ubuntu2) ...
Setting up libx11-dev:amd64 (2:1.8.7-1build1) ...
Setting up libxt-dev:amd64 (1:1.2.1-1.2build1) ...
Processing triggers for ca-certificates-java (20240118) ...
done.
Setting up default-jre-headless (2:1.21-75+exp1) ...
Setting up openjdk-21-jre:amd64 (21.0.9+10-1~24.04) ...
Setting up openjdk-21-jdk-headless:amd64 (21.0.9+10-1~24.04) ...
update-alternatives: using /usr/lib/jvm/java-21-openjdk-amd64/bin/jar to provide /usr/bin/jar (jar) in auto mode
update-alternatives: using /usr/lib/jvm/java-21-openjdk-amd64/bin/jarsigner to provide /usr/bin/jarsigner (jarsigner) in auto mode
update-alternatives: using /usr/lib/jvm/java-21-openjdk-amd64/bin/javac to provide /usr/bin/javac (javac) in auto mode
update-alternatives: using /usr/lib/jvm/java-21-openjdk-amd64/bin/javadoc to provide /usr/bin/javadoc (javadoc) in auto mode
update-alternatives: using /usr/lib/jvm/java-21-openjdk-amd64/bin/javap to provide /usr/bin/javap (javap) in auto mode
update-alternatives: using /usr/lib/jvm/java-21-openjdk-amd64/bin/jcmd to provide /usr/bin/jcmd (jcmd) in auto mode
update-alternatives: using /usr/lib/jvm/java-21-openjdk-amd64/bin/jdb to provide /usr/bin/jdb (jdb) in auto mode
update-alternatives: using /usr/lib/jvm/java-21-openjdk-amd64/bin/jdeprscan to provide /usr/bin/jdeprscan (jdeprscan) in auto mode
update-alternatives: using /usr/lib/jvm/java-21-openjdk-amd64/bin/jdeps to provide /usr/bin/jdeps (jdeps) in auto mode
update-alternatives: using /usr/lib/jvm/java-21-openjdk-amd64/bin/jfr to provide /usr/bin/jfr (jfr) in auto mode
update-alternatives: using /usr/lib/jvm/java-21-openjdk-amd64/bin/jimage to provide /usr/bin/jimage (jimage) in auto mode
update-alternatives: using /usr/lib/jvm/java-21-openjdk-amd64/bin/jinfo to provide /usr/bin/jinfo (jinfo) in auto mode
update-alternatives: using /usr/lib/jvm/java-21-openjdk-amd64/bin/jlink to provide /usr/bin/jlink (jlink) in auto mode
update-alternatives: using /usr/lib/jvm/java-21-openjdk-amd64/bin/jmap to provide /usr/bin/jmap (jmap) in auto mode
update-alternatives: using /usr/lib/jvm/java-21-openjdk-amd64/bin/jmod to provide /usr/bin/jmod (jmod) in auto mode
update-alternatives: using /usr/lib/jvm/java-21-openjdk-amd64/bin/jps to provide /usr/bin/jps (jps) in auto mode
update-alternatives: using /usr/lib/jvm/java-21-openjdk-amd64/bin/jrunscript to provide /usr/bin/jrunscript (jrunscript) in auto mode
update-alternatives: using /usr/lib/jvm/java-21-openjdk-amd64/bin/jshell to provide /usr/bin/jshell (jshell) in auto mode
update-alternatives: using /usr/lib/jvm/java-21-openjdk-amd64/bin/jstack to provide /usr/bin/jstack (jstack) in auto mode
update-alternatives: using /usr/lib/jvm/java-21-openjdk-amd64/bin/jstat to provide /usr/bin/jstat (jstat) in auto mode
update-alternatives: using /usr/lib/jvm/java-21-openjdk-amd64/bin/jstatd to provide /usr/bin/jstatd (jstatd) in auto mode
update-alternatives: using /usr/lib/jvm/java-21-openjdk-amd64/bin/jwebserver to provide /usr/bin/jwebserver (jwebserver) in auto mode
update-alternatives: using /usr/lib/jvm/java-21-openjdk-amd64/bin/serialver to provide /usr/bin/serialver (serialver) in auto mode
update-alternatives: using /usr/lib/jvm/java-21-openjdk-amd64/bin/jhsdb to provide /usr/bin/jhsdb (jhsdb) in auto mode
Setting up default-jre (2:1.21-75+exp1) ...
Setting up openjdk-21-jdk:amd64 (21.0.9+10-1~24.04) ...
update-alternatives: using /usr/lib/jvm/java-21-openjdk-amd64/bin/jconsole to provide /usr/bin/jconsole (jconsole) in auto mode
Setting up default-jdk-headless (2:1.21-75+exp1) ...
Setting up default-jdk (2:1.21-75+exp1) ...
Processing triggers for libgdk-pixbuf-2.0-0:amd64 (2.42.10+dfsg-3ubuntu3.2) ...
Scanning processes...
Scanning linux images...

Running kernel seems to be up-to-date.

No services need to be restarted.

No containers need to be restarted.

No user sessions are running outdated binaries.

No VM guests are running outdated hypervisor (qemu) binaries on
 this host.
azureuser@OpenVM467:~$ sudo apt install tomcat9
Reading package lists... Done
Building dependency tree... Done
Reading state information... Done
Package tomcat9 is not available, but is referred to by another package.
This may mean that the package is missing, has been obsoleted, or
is only available from another source

E: Package 'tomcat9' has no installation candidate
azureuser@OpenVM467:~$ sudo apt-get -y update
sudo apt-get -y install nginx
Hit:1 http://azure.archive.ubuntu.com/ubuntu noble InRelease
Hit:2 http://azure.archive.ubuntu.com/ubuntu noble-updates InRelease
Hit:3 http://azure.archive.ubuntu.com/ubuntu noble-backports InRelease
Hit:4 http://azure.archive.ubuntu.com/ubuntu noble-security InRelease
Reading package lists... Done
Reading package lists... Done
Building dependency tree... Done
Reading state information... Done
The following additional packages will be installed:
  nginx-common
Suggested packages:
  fcgiwrap nginx-doc ssl-cert
The following NEW packages will be installed:
  nginx nginx-common
0 upgraded, 2 newly installed, 0 to remove and 0 not upgraded.
Need to get 564 kB of archives.
After this operation, 1596 kB of additional disk space will be used.
Get:1 http://azure.archive.ubuntu.com/ubuntu noble-updates/main amd64 nginx-common all 1.24.0-2ubuntu7.5 [43.4 kB]
Get:2 http://azure.archive.ubuntu.com/ubuntu noble-updates/main amd64 nginx amd64 1.24.0-2ubuntu7.5 [520 kB]
Fetched 564 kB in 0s (1759 kB/s)
Preconfiguring packages ...
Selecting previously unselected package nginx-common.
(Reading database ... 84217 files and directories currently installed.)
Preparing to unpack .../nginx-common_1.24.0-2ubuntu7.5_all.deb ...
Unpacking nginx-common (1.24.0-2ubuntu7.5) ...
Selecting previously unselected package nginx.
Preparing to unpack .../nginx_1.24.0-2ubuntu7.5_amd64.deb ...
Unpacking nginx (1.24.0-2ubuntu7.5) ...
Setting up nginx-common (1.24.0-2ubuntu7.5) ...
Created symlink /etc/systemd/system/multi-user.target.wants/nginx.service → /usr/lib/systemd/system/nginx.service.
Setting up nginx (1.24.0-2ubuntu7.5) ...
 * Upgrading binary nginx                                [ OK ]
Processing triggers for man-db (2.12.0-4build2) ...
Processing triggers for ufw (0.36.2-6) ...
Scanning processes...
Scanning linux images...

Running kernel seems to be up-to-date.

No services need to be restarted.

No containers need to be restarted.

No user sessions are running outdated binaries.

No VM guests are running outdated hypervisor (qemu) binaries on
 this host.
azureuser@OpenVM467:~$ sudo apt install tomcat9
Reading package lists... Done
Building dependency tree... Done
Reading state information... Done
Package tomcat9 is not available, but is referred to by another package.
This may mean that the package is missing, has been obsoleted, or
is only available from another source

E: Package 'tomcat9' has no installation candidate
azureuser@OpenVM467:~$ sudo useradd -r -m -U -d /opt/tomcat -s /bin/false tomcat
azureuser@OpenVM467:~$ wget -c https://downloads.apache.org/tomcat/tomcat-9/v9.0.113/bin/apache-tomcat-9.0.113.tar.gz
--2025-12-29 23:35:52--  https://downloads.apache.org/tomcat/tomcat-9/v9.0.113/bin/apache-tomcat-9.0.113.tar.gz
Resolving downloads.apache.org (downloads.apache.org)... 135.181.214.104, 88.99.208.237, 2a01:4f8:10a:39da::2, ...
Connecting to downloads.apache.org (downloads.apache.org)|135.181.214.104|:443... connected.
HTTP request sent, awaiting response... 200 OK
Length: 13049663 (12M) [application/x-gzip]
Saving to: ‘apache-tomcat-9.0.113.tar.gz’

apache-tomcat-9 100%[=======>]  12.44M  5.75MB/s    in 2.2s

2025-12-29 23:35:55 (5.75 MB/s) - ‘apache-tomcat-9.0.113.tar.gz’ saved [13049663/13049663]

azureuser@OpenVM467:~$ sudo tar xf apache-tomcat-9.0.113.tar.gz
-C /opt
azureuser@OpenVM467:~$ sudo chmod +x /opt/apache-tomcat-9.0.113/
bin/*.sh
chmod: cannot access '/opt/apache-tomcat-9.0.113/bin/*.sh': No such file or directory
azureuser@OpenVM467:~$ sudo tar xf apache-tomcat-9.0.113.tar.gz
-C /opt
azureuser@OpenVM467:~$ sudo tar xf apache-tomcat-9.0.106.tar.gz -C /opt
tar: apache-tomcat-9.0.106.tar.gz: Cannot open: No such file or directory
tar: Error is not recoverable: exiting now
azureuser@OpenVM467:~$ sudo tar xf apache-tomcat-9.0.113.tar.gz
-C /opt
azureuser@OpenVM467:~$ sudo chmod +x /opt/apache-tomcat-9.0.113b
in/*.sh
chmod: cannot access '/opt/apache-tomcat-9.0.113bin/*.sh': No such file or directory
azureuser@OpenVM467:~$ sudo ln -s /opt/apache-tomcat-9.0.113/ /o
pt/tomcat
azureuser@OpenVM467:~$ $?
0: command not found
azureuser@OpenVM467:~$ echo $?
127
azureuser@OpenVM467:~$ sudo tar xf apache-tomcat-9.0.106.tar.gz -C /opt
echo $?
tar: apache-tomcat-9.0.106.tar.gz: Cannot open: No such file or directory
tar: Error is not recoverable: exiting now
2
azureuser@OpenVM467:~$ sudo tar xf apache-tomcat-9.0.113.tar.gz
-C /opt
azureuser@OpenVM467:~$ echo $?
0
azureuser@OpenVM467:~$
